<html>
<body>
<pre>
<h1>礦ision Build Log</h1>
<h2>Tool Versions:</h2>
IDE-Version: μVision V5.14.0.0
Copyright (C) 2015 ARM Ltd and ARM Germany GmbH. All rights reserved.
License Information: sqcg 微软用户, 微软中国, LIC=9N012-9L2RI-PFPIX-HTGN4-99MMJ-37G6C
 
Tool Versions:
Toolchain:       MDK-ARM Professional  Version: 5.14.0.0
Toolchain Path:  C:\Keil_v5\ARM\ARMCC\Bin
C Compiler:      Armcc.exe V5.05 update 1 (build 106)
Assembler:       Armasm.exe V5.05 update 1 (build 106)
Linker/Locator:  ArmLink.exe V5.05 update 1 (build 106)
Library Manager: ArmAr.exe V5.05 update 1 (build 106)
Hex Converter:   FromElf.exe V5.05 update 1 (build 106)
CPU DLL:         SARMCM3.DLL V5.14.0.0
Dialog DLL:      DCM.DLL V1.13.1.0
Target DLL:      Segger\JL2CM3.dll V2.99.13.0
Dialog DLL:      TCM.DLL V1.14.4.0
 
<h2>Project:</h2>
C:\Users\Administrator\Desktop\Delong\USER\TEST.uvprojx
Project File Date:  06/28/2018

<h2>Output:</h2>
Rebuild target 'Target 1'
assembling startup_stm32f40_41xxx.s...
compiling test.c...
test.c(128): warning:  #1-D: last line of file ends without a newline
  }
test.c: 1 warning, 0 errors
compiling delay.c...
compiling sys.c...
compiling usart.c...
compiling led.c...
compiling ILI93xx.c...
compiling key.c...
compiling sdio_sdcard.c...
compiling spi.c...
compiling w25qxx.c...
compiling myiic.c...
compiling i2s.c...
compiling wm8978.c...
compiling remote.c...
..\HARDWARE\REMOTE\remote.c(143): warning:  #1-D: last line of file ends without a newline
  }
..\HARDWARE\REMOTE\remote.c: 1 warning, 0 errors
compiling malloc.c...
compiling ff.c...
compiling diskio.c...
compiling exfuns.c...
compiling fattester.c...
compiling mycc936.c...
compiling fontupd.c...
compiling text.c...
compiling usmart.c...
compiling usmart_config.c...
compiling usmart_str.c...
compiling wavplay.c...
compiling audioplay.c...
compiling recorder.c...
linking...
Program Size: Code=53774 RO-data=8466 RW-data=648 ZI-data=1235688  
FromELF: creating hex file...
"..\OBJ\TEST.axf" - 0 Error(s), 2 Warning(s).

<h2>Collection of Component include folders:</h2>
  C:\Users\Administrator\Desktop\Delong\USER\RTE
  C:\Keil_v5\ARM\PACK\Keil\STM32F4xx_DFP\1.0.8\Device\Include

<h2>Collection of Component Files used:</h2>
</pre>
</body>
</html>
