Component: ARM Compiler 5.05 update 1 (build 106) Tool: armlink [4d0efa]

==============================================================================

Section Cross References

    startup_stm32f40_41xxx.o(STACK) refers (Special) to heapauxi.o(.text) for __use_two_region_memory
    startup_stm32f40_41xxx.o(HEAP) refers (Special) to heapauxi.o(.text) for __use_two_region_memory
    startup_stm32f40_41xxx.o(RESET) refers (Special) to heapauxi.o(.text) for __use_two_region_memory
    startup_stm32f40_41xxx.o(RESET) refers to startup_stm32f40_41xxx.o(STACK) for __initial_sp
    startup_stm32f40_41xxx.o(RESET) refers to startup_stm32f40_41xxx.o(.text) for Reset_Handler
    startup_stm32f40_41xxx.o(RESET) refers to i2s.o(i.DMA1_Stream3_IRQHandler) for DMA1_Stream3_IRQHandler
    startup_stm32f40_41xxx.o(RESET) refers to i2s.o(i.DMA1_Stream4_IRQHandler) for DMA1_Stream4_IRQHandler
    startup_stm32f40_41xxx.o(RESET) refers to remote.o(i.TIM1_UP_TIM10_IRQHandler) for TIM1_UP_TIM10_IRQHandler
    startup_stm32f40_41xxx.o(RESET) refers to remote.o(i.TIM1_CC_IRQHandler) for TIM1_CC_IRQHandler
    startup_stm32f40_41xxx.o(RESET) refers to usmart.o(i.TIM4_IRQHandler) for TIM4_IRQHandler
    startup_stm32f40_41xxx.o(RESET) refers to usart.o(i.USART1_IRQHandler) for USART1_IRQHandler
    startup_stm32f40_41xxx.o(RESET) refers to sdio_sdcard.o(i.SDIO_IRQHandler) for SDIO_IRQHandler
    startup_stm32f40_41xxx.o(.text) refers (Special) to heapauxi.o(.text) for __use_two_region_memory
    startup_stm32f40_41xxx.o(.text) refers to __main.o(!!!main) for __main
    startup_stm32f40_41xxx.o(.text) refers to startup_stm32f40_41xxx.o(HEAP) for Heap_Mem
    startup_stm32f40_41xxx.o(.text) refers to startup_stm32f40_41xxx.o(STACK) for Stack_Mem
    test.o(i.main) refers to sys.o(i.Stm32_Clock_Init) for Stm32_Clock_Init
    test.o(i.main) refers to delay.o(i.delay_init) for delay_init
    test.o(i.main) refers to usart.o(i.uart_init) for uart_init
    test.o(i.main) refers to led.o(i.LED_Init) for LED_Init
    test.o(i.main) refers to ili93xx.o(i.LCD_Init) for LCD_Init
    test.o(i.main) refers to key.o(i.KEY_Init) for KEY_Init
    test.o(i.main) refers to w25qxx.o(i.W25QXX_Init) for W25QXX_Init
    test.o(i.main) refers to wm8978.o(i.WM8978_Init) for WM8978_Init
    test.o(i.main) refers to wm8978.o(i.WM8978_HPvol_Set) for WM8978_HPvol_Set
    test.o(i.main) refers to wm8978.o(i.WM8978_SPKvol_Set) for WM8978_SPKvol_Set
    test.o(i.main) refers to malloc.o(i.my_mem_init) for my_mem_init
    test.o(i.main) refers to exfuns.o(i.exfuns_init) for exfuns_init
    test.o(i.main) refers to ff.o(i.f_mount) for f_mount
    test.o(i.main) refers to ili93xx.o(i.LCD_ShowString) for LCD_ShowString
    test.o(i.main) refers to delay.o(i.delay_ms) for delay_ms
    test.o(i.main) refers to ili93xx.o(i.LCD_Fill) for LCD_Fill
    test.o(i.main) refers to fontupd.o(i.font_init) for font_init
    test.o(i.main) refers to recorder.o(i.wav_recorder) for wav_recorder
    test.o(i.main) refers to usmart_config.o(.data) for usmart_dev
    test.o(i.main) refers to exfuns.o(.bss) for fs
    test.o(i.main) refers to ili93xx.o(.data) for POINT_COLOR
    delay.o(i.delay_init) refers to delay.o(.data) for fac_us
    delay.o(i.delay_ms) refers to delay.o(i.delay_xms) for delay_xms
    delay.o(i.delay_us) refers to delay.o(.data) for fac_us
    delay.o(i.delay_xms) refers to delay.o(.data) for fac_ms
    sys.o(i.MY_NVIC_Init) refers to sys.o(i.MY_NVIC_PriorityGroupConfig) for MY_NVIC_PriorityGroupConfig
    sys.o(i.Stm32_Clock_Init) refers to sys.o(i.Sys_Clock_Set) for Sys_Clock_Set
    sys.o(i.Stm32_Clock_Init) refers to sys.o(i.MY_NVIC_SetVectorTable) for MY_NVIC_SetVectorTable
    sys.o(i.Sys_Standby) refers to sys.o(i.WFI_SET) for WFI_SET
    usart.o(.rev16_text) refers (Special) to use_no_semi_2.o(.text) for __use_no_semihosting
    usart.o(.revsh_text) refers (Special) to use_no_semi_2.o(.text) for __use_no_semihosting
    usart.o(i.USART1_IRQHandler) refers (Special) to use_no_semi_2.o(.text) for __use_no_semihosting
    usart.o(i.USART1_IRQHandler) refers to usart.o(.data) for USART_RX_STA
    usart.o(i.USART1_IRQHandler) refers to usart.o(.bss) for USART_RX_BUF
    usart.o(i._sys_exit) refers (Special) to use_no_semi_2.o(.text) for __use_no_semihosting
    usart.o(i.fputc) refers (Special) to use_no_semi_2.o(.text) for __use_no_semihosting
    usart.o(i.uart_init) refers (Special) to use_no_semi_2.o(.text) for __use_no_semihosting
    usart.o(i.uart_init) refers to sys.o(i.GPIO_Set) for GPIO_Set
    usart.o(i.uart_init) refers to sys.o(i.GPIO_AF_Set) for GPIO_AF_Set
    usart.o(i.uart_init) refers to sys.o(i.MY_NVIC_Init) for MY_NVIC_Init
    usart.o(.bss) refers (Special) to use_no_semi_2.o(.text) for __use_no_semihosting
    usart.o(.data) refers (Special) to use_no_semi_2.o(.text) for __use_no_semihosting
    led.o(i.LED_Init) refers to sys.o(i.GPIO_Set) for GPIO_Set
    ili93xx.o(i.LCD_Clear) refers to ili93xx.o(i.LCD_SetCursor) for LCD_SetCursor
[...]
    .ARM.__AT_0x680F0000                     0x680f0000   Section    61440  malloc.o(.ARM.__AT_0x680F0000)

    Global Symbols

    Symbol Name                              Value     Ov Type        Size  Object(Section)

    BuildAttributes$$THM_ISAv4$E$P$D$K$B$S$7EM$VFPi3$EXTD16$VFPS$VFMA$PE$A:L22UL41UL21$X:L11$S22US41US21$IEEE1$IW$USESV6$~STKCKD$USESV7$~SHL$OSPACE$ROPI$EBA8$UX$STANDARDLIB$REQ8$PRES8$EABIv2 0x00000000   Number         0  anon$$obj.o ABSOLUTE
    __ARM_use_no_argv                        0x00000000   Number         0  test.o ABSOLUTE
    _printf_flags                            0x00000000   Number         0  printf_stubs.o ABSOLUTE
    _printf_return_value                     0x00000000   Number         0  printf_stubs.o ABSOLUTE
    _printf_sizespec                         0x00000000   Number         0  printf_stubs.o ABSOLUTE
    _printf_widthprec                        0x00000000   Number         0  printf_stubs.o ABSOLUTE
    __ARM_exceptions_init                     - Undefined Weak Reference
    __alloca_initialize                       - Undefined Weak Reference
    __arm_preinit_                            - Undefined Weak Reference
    __cpp_initialize__aeabi_                  - Undefined Weak Reference
    __cxa_finalize                            - Undefined Weak Reference
    __rt_locale                               - Undefined Weak Reference
    __sigvec_lookup                           - Undefined Weak Reference
    _atexit_init                              - Undefined Weak Reference
    _call_atexit_fns                          - Undefined Weak Reference
    _clock_init                               - Undefined Weak Reference
    _fp_trap_init                             - Undefined Weak Reference
    _fp_trap_shutdown                         - Undefined Weak Reference
    _get_lc_collate                           - Undefined Weak Reference
    _get_lc_ctype                             - Undefined Weak Reference
    _get_lc_monetary                          - Undefined Weak Reference
    _get_lc_numeric                           - Undefined Weak Reference
    _get_lc_time                              - Undefined Weak Reference
    _getenv_init                              - Undefined Weak Reference
    _handle_redirection                       - Undefined Weak Reference
    _init_alloc                               - Undefined Weak Reference
    _init_user_alloc                          - Undefined Weak Reference
    _initio                                   - Undefined Weak Reference
    _mutex_acquire                            - Undefined Weak Reference
    _mutex_release                            - Undefined Weak Reference
    _printf_mbtowc                            - Undefined Weak Reference
    _printf_truncate_signed                   - Undefined Weak Reference
    _printf_truncate_unsigned                 - Undefined Weak Reference
    _rand_init                                - Undefined Weak Reference
    _signal_finish                            - Undefined Weak Reference
    _signal_init                              - Undefined Weak Reference
    _terminate_alloc                          - Undefined Weak Reference
    _terminate_user_alloc                     - Undefined Weak Reference
    _terminateio                              - Undefined Weak Reference
    __Vectors_Size                           0x00000188   Number         0  startup_stm32f40_41xxx.o ABSOLUTE
    __Vectors                                0x08000000   Data           4  startup_stm32f40_41xxx.o(RESET)
    __Vectors_End                            0x08000188   Data           0  startup_stm32f40_41xxx.o(RESET)
    __main                                   0x08000189   Thumb Code     8  __main.o(!!!main)
    __scatterload                            0x08000191   Thumb Code     0  __scatter.o(!!!scatter)
    __scatterload_rt2                        0x08000191   Thumb Code    44  __scatter.o(!!!scatter)
    __scatterload_rt2_thumb_only             0x08000191   Thumb Code     0  __scatter.o(!!!scatter)
    __scatterload_null                       0x0800019f   Thumb Code     0  __scatter.o(!!!scatter)
    __decompress                             0x080001c5   Thumb Code    90  __dczerorl2.o(!!dczerorl2)
    __decompress1                            0x080001c5   Thumb Code     0  __dczerorl2.o(!!dczerorl2)
    __scatterload_zeroinit                   0x08000221   Thumb Code    28  __scatter_zi.o(!!handler_zi)
    _printf_d                                0x0800023d   Thumb Code     0  _printf_d.o(.ARM.Collect$$_printf_percent$$00000009)
    _printf_percent                          0x0800023d   Thumb Code     0  _printf_percent.o(.ARM.Collect$$_printf_percent$$00000000)
    _printf_u                                0x08000243   Thumb Code     0  _printf_u.o(.ARM.Collect$$_printf_percent$$0000000A)
    _printf_x                                0x08000249   Thumb Code     0  _printf_x.o(.ARM.Collect$$_printf_percent$$0000000C)
    _printf_c                                0x0800024f   Thumb Code     0  _printf_c.o(.ARM.Collect$$_printf_percent$$00000013)
    _printf_s                                0x08000255   Thumb Code     0  _printf_s.o(.ARM.Collect$$_printf_percent$$00000014)
    _printf_percent_end                      0x0800025b   Thumb Code     0  _printf_percent_end.o(.ARM.Collect$$_printf_percent$$00000017)
    __rt_lib_init                            0x0800025f   Thumb Code     0  libinit.o(.ARM.Collect$$libinit$$00000000)
    __rt_lib_init_fp_1                       0x08000261   Thumb Code     0  libinit2.o(.ARM.Collect$$libinit$$00000001)
    __rt_lib_init_alloca_1                   0x08000265   Thumb Code     0  libinit2.o(.ARM.Collect$$libinit$$0000002E)
    __rt_lib_init_argv_1                     0x08000265   Thumb Code     0  libinit2.o(.ARM.Collect$$libinit$$0000002C)
    __rt_lib_init_atexit_1                   0x08000265   Thumb Code     0  libinit2.o(.ARM.Collect$$libinit$$0000001B)
    __rt_lib_init_clock_1                    0x08000265   Thumb Code     0  libinit2.o(.ARM.Collect$$libinit$$00000021)
    __rt_lib_init_cpp_1                      0x08000265   Thumb Code     0  libinit2.o(.ARM.Collect$$libinit$$00000032)
    __rt_lib_init_exceptions_1               0x08000265   Thumb Code     0  libinit2.o(.ARM.Collect$$libinit$$00000030)
    __rt_lib_init_fp_trap_1                  0x08000265   Thumb Code     0  libinit2.o(.ARM.Collect$$libinit$$0000001F)
    __rt_lib_init_getenv_1                   0x08000265   Thumb Code     0  libinit2.o(.ARM.Collect$$libinit$$00000023)
    __rt_lib_init_heap_1                     0x08000265   Thumb Code     0  libinit2.o(.ARM.Collect$$libinit$$0000000A)
    __rt_lib_init_lc_collate_1               0x08000265   Thumb Code     0  libinit2.o(.ARM.Collect$$libinit$$00000011)
    __rt_lib_init_lc_ctype_1                 0x08000265   Thumb Code     0  libinit2.o(.ARM.Collect$$libinit$$00000013)
    __rt_lib_init_lc_monetary_1              0x08000265   Thumb Code     0  libinit2.o(.ARM.Collect$$libinit$$00000015)
    __rt_lib_init_lc_numeric_1               0x08000265   Thumb Code     0  libinit2.o(.ARM.Collect$$libinit$$00000017)
    __rt_lib_init_lc_time_1                  0x08000265   Thumb Code     0  libinit2.o(.ARM.Collect$$libinit$$00000019)
    __rt_lib_init_preinit_1                  0x08000265   Thumb Code     0  libinit2.o(.ARM.Collect$$libinit$$00000004)
    __rt_lib_init_rand_1                     0x08000265   Thumb Code     0  libinit2.o(.ARM.Collect$$libinit$$0000000E)
    __rt_lib_init_return                     0x08000265   Thumb Code     0  libinit2.o(.ARM.Collect$$libinit$$00000033)
    __rt_lib_init_signal_1                   0x08000265   Thumb Code     0  libinit2.o(.ARM.Collect$$libinit$$0000001D)
    __rt_lib_init_stdio_1                    0x08000265   Thumb Code     0  libinit2.o(.ARM.Collect$$libinit$$00000025)
    __rt_lib_init_user_alloc_1               0x08000265   Thumb Code     0  libinit2.o(.ARM.Collect$$libinit$$0000000C)
    __rt_lib_shutdown                        0x08000267   Thumb Code     0  libshutdown.o(.ARM.Collect$$libshutdown$$00000000)
    __rt_lib_shutdown_fp_trap_1              0x08000269   Thumb Code     0  libshutdown2.o(.ARM.Collect$$libshutdown$$00000006)
    __rt_lib_shutdown_heap_1                 0x08000269   Thumb Code     0  libshutdown2.o(.ARM.Collect$$libshutdown$$0000000E)
    __rt_lib_shutdown_return                 0x08000269   Thumb Code     0  libshutdown2.o(.ARM.Collect$$libshutdown$$0000000F)
    __rt_lib_shutdown_signal_1               0x08000269   Thumb Code     0  libshutdown2.o(.ARM.Collect$$libshutdown$$00000009)
    __rt_lib_shutdown_stdio_1                0x08000269   Thumb Code     0  libshutdown2.o(.ARM.Collect$$libshutdown$$00000003)
    __rt_lib_shutdown_user_alloc_1           0x08000269   Thumb Code     0  libshutdown2.o(.ARM.Collect$$libshutdown$$0000000B)
    __rt_entry                               0x0800026b   Thumb Code     0  __rtentry.o(.ARM.Collect$$rtentry$$00000000)
    __rt_entry_presh_1                       0x0800026b   Thumb Code     0  __rtentry2.o(.ARM.Collect$$rtentry$$00000002)
    __rt_entry_sh                            0x0800026b   Thumb Code     0  __rtentry4.o(.ARM.Collect$$rtentry$$00000004)
    __rt_entry_li                            0x08000271   Thumb Code     0  __rtentry2.o(.ARM.Collect$$rtentry$$0000000A)
    __rt_entry_postsh_1                      0x08000271   Thumb Code     0  __rtentry2.o(.ARM.Collect$$rtentry$$00000009)
    __rt_entry_main                          0x08000275   Thumb Code     0  __rtentry2.o(.ARM.Collect$$rtentry$$0000000D)
    __rt_entry_postli_1                      0x08000275   Thumb Code     0  __rtentry2.o(.ARM.Collect$$rtentry$$0000000C)
    __rt_exit                                0x0800027d   Thumb Code     0  rtexit.o(.ARM.Collect$$rtexit$$00000000)
    __rt_exit_ls                             0x0800027f   Thumb Code     0  rtexit2.o(.ARM.Collect$$rtexit$$00000003)
    __rt_exit_prels_1                        0x0800027f   Thumb Code     0  rtexit2.o(.ARM.Collect$$rtexit$$00000002)
    __rt_exit_exit                           0x08000283   Thumb Code     0  rtexit2.o(.ARM.Collect$$rtexit$$00000004)
    Reset_Handler                            0x08000289   Thumb Code    14  startup_stm32f40_41xxx.o(.text)
    NMI_Handler                              0x08000297   Thumb Code     2  startup_stm32f40_41xxx.o(.text)
    HardFault_Handler                        0x08000299   Thumb Code     2  startup_stm32f40_41xxx.o(.text)
    MemManage_Handler                        0x0800029b   Thumb Code     2  startup_stm32f40_41xxx.o(.text)
    BusFault_Handler                         0x0800029d   Thumb Code     2  startup_stm32f40_41xxx.o(.text)
    UsageFault_Handler                       0x0800029f   Thumb Code     2  startup_stm32f40_41xxx.o(.text)
    SVC_Handler                              0x080002a1   Thumb Code     2  startup_stm32f40_41xxx.o(.text)
    DebugMon_Handler                         0x080002a3   Thumb Code     2  startup_stm32f40_41xxx.o(.text)
    PendSV_Handler                           0x080002a5   Thumb Code     2  startup_stm32f40_41xxx.o(.text)
    SysTick_Handler                          0x080002a7   Thumb Code     2  startup_stm32f40_41xxx.o(.text)
    ADC_IRQHandler                           0x080002a9   Thumb Code     0  startup_stm32f40_41xxx.o(.text)
    CAN1_RX0_IRQHandler                      0x080002a9   Thumb Code     0  startup_stm32f40_41xxx.o(.text)
    CAN1_RX1_IRQHandler                      0x080002a9   Thumb Code     0  startup_stm32f40_41xxx.o(.text)
    CAN1_SCE_IRQHandler                      0x080002a9   Thumb Code     0  startup_stm32f40_41xxx.o(.text)
    CAN1_TX_IRQHandler                       0x080002a9   Thumb Code     0  startup_stm32f40_41xxx.o(.text)
    CAN2_RX0_IRQHandler                      0x080002a9   Thumb Code     0  startup_stm32f40_41xxx.o(.text)
    CAN2_RX1_IRQHandler                      0x080002a9   Thumb Code     0  startup_stm32f40_41xxx.o(.text)
    CAN2_SCE_IRQHandler                      0x080002a9   Thumb Code     0  startup_stm32f40_41xxx.o(.text)
    CAN2_TX_IRQHandler                       0x080002a9   Thumb Code     0  startup_stm32f40_41xxx.o(.text)
    CRYP_IRQHandler                          0x080002a9   Thumb Code     0  startup_stm32f40_41xxx.o(.text)
    DCMI_IRQHandler                          0x080002a9   Thumb Code     0  startup_stm32f40_41xxx.o(.text)
    DMA1_Stream0_IRQHandler                  0x080002a9   Thumb Code     0  startup_stm32f40_41xxx.o(.text)
    DMA1_Stream1_IRQHandler                  0x080002a9   Thumb Code     0  startup_stm32f40_41xxx.o(.text)
    DMA1_Stream2_IRQHandler                  0x080002a9   Thumb Code     0  startup_stm32f40_41xxx.o(.text)
    DMA1_Stream5_IRQHandler                  0x080002a9   Thumb Code     0  startup_stm32f40_41xxx.o(.text)
    DMA1_Stream6_IRQHandler                  0x080002a9   Thumb Code     0  startup_stm32f40_41xxx.o(.text)
    DMA1_Stream7_IRQHandler                  0x080002a9   Thumb Code     0  startup_stm32f40_41xxx.o(.text)
    DMA2_Stream0_IRQHandler                  0x080002a9   Thumb Code     0  startup_stm32f40_41xxx.o(.text)
    DMA2_Stream1_IRQHandler                  0x080002a9   Thumb Code     0  startup_stm32f40_41xxx.o(.text)
    DMA2_Stream2_IRQHandler                  0x080002a9   Thumb Code     0  startup_stm32f40_41xxx.o(.text)
    DMA2_Stream3_IRQHandler                  0x080002a9   Thumb Code     0  startup_stm32f40_41xxx.o(.text)
    DMA2_Stream4_IRQHandler                  0x080002a9   Thumb Code     0  startup_stm32f40_41xxx.o(.text)
    DMA2_Stream5_IRQHandler                  0x080002a9   Thumb Code     0  startup_stm32f40_41xxx.o(.text)
    DMA2_Stream6_IRQHandler                  0x080002a9   Thumb Code     0  startup_stm32f40_41xxx.o(.text)
    DMA2_Stream7_IRQHandler                  0x080002a9   Thumb Code     0  startup_stm32f40_41xxx.o(.text)
    ETH_IRQHandler                           0x080002a9   Thumb Code     0  startup_stm32f40_41xxx.o(.text)
    ETH_WKUP_IRQHandler                      0x080002a9   Thumb Code     0  startup_stm32f40_41xxx.o(.text)
    EXTI0_IRQHandler                         0x080002a9   Thumb Code     0  startup_stm32f40_41xxx.o(.text)
    EXTI15_10_IRQHandler                     0x080002a9   Thumb Code     0  startup_stm32f40_41xxx.o(.text)
    EXTI1_IRQHandler                         0x080002a9   Thumb Code     0  startup_stm32f40_41xxx.o(.text)
    EXTI2_IRQHandler                         0x080002a9   Thumb Code     0  startup_stm32f40_41xxx.o(.text)
    EXTI3_IRQHandler                         0x080002a9   Thumb Code     0  startup_stm32f40_41xxx.o(.text)
    EXTI4_IRQHandler                         0x080002a9   Thumb Code     0  startup_stm32f40_41xxx.o(.text)
    EXTI9_5_IRQHandler                       0x080002a9   Thumb Code     0  startup_stm32f40_41xxx.o(.text)
    FLASH_IRQHandler                         0x080002a9   Thumb Code     0  startup_stm32f40_41xxx.o(.text)
    FPU_IRQHandler                           0x080002a9   Thumb Code     0  startup_stm32f40_41xxx.o(.text)
    FSMC_IRQHandler                          0x080002a9   Thumb Code     0  startup_stm32f40_41xxx.o(.text)
    HASH_RNG_IRQHandler                      0x080002a9   Thumb Code     0  startup_stm32f40_41xxx.o(.text)
    I2C1_ER_IRQHandler                       0x080002a9   Thumb Code     0  startup_stm32f40_41xxx.o(.text)
    I2C1_EV_IRQHandler                       0x080002a9   Thumb Code     0  startup_stm32f40_41xxx.o(.text)
    I2C2_ER_IRQHandler                       0x080002a9   Thumb Code     0  startup_stm32f40_41xxx.o(.text)
    I2C2_EV_IRQHandler                       0x080002a9   Thumb Code     0  startup_stm32f40_41xxx.o(.text)
    I2C3_ER_IRQHandler                       0x080002a9   Thumb Code     0  startup_stm32f40_41xxx.o(.text)
    I2C3_EV_IRQHandler                       0x080002a9   Thumb Code     0  startup_stm32f40_41xxx.o(.text)
    OTG_FS_IRQHandler                        0x080002a9   Thumb Code     0  startup_stm32f40_41xxx.o(.text)
    OTG_FS_WKUP_IRQHandler                   0x080002a9   Thumb Code     0  startup_stm32f40_41xxx.o(.text)
    OTG_HS_EP1_IN_IRQHandler                 0x080002a9   Thumb Code     0  startup_stm32f40_41xxx.o(.text)
    OTG_HS_EP1_OUT_IRQHandler                0x080002a9   Thumb Code     0  startup_stm32f40_41xxx.o(.text)
    OTG_HS_IRQHandler                        0x080002a9   Thumb Code     0  startup_stm32f40_41xxx.o(.text)
    OTG_HS_WKUP_IRQHandler                   0x080002a9   Thumb Code     0  startup_stm32f40_41xxx.o(.text)
    PVD_IRQHandler                           0x080002a9   Thumb Code     0  startup_stm32f40_41xxx.o(.text)
    RCC_IRQHandler                           0x080002a9   Thumb Code     0  startup_stm32f40_41xxx.o(.text)
    RTC_Alarm_IRQHandler                     0x080002a9   Thumb Code     0  startup_stm32f40_41xxx.o(.text)
    RTC_WKUP_IRQHandler                      0x080002a9   Thumb Code     0  startup_stm32f40_41xxx.o(.text)
    SPI1_IRQHandler                          0x080002a9   Thumb Code     0  startup_stm32f40_41xxx.o(.text)
    SPI2_IRQHandler                          0x080002a9   Thumb Code     0  startup_stm32f40_41xxx.o(.text)
    SPI3_IRQHandler                          0x080002a9   Thumb Code     0  startup_stm32f40_41xxx.o(.text)
    TAMP_STAMP_IRQHandler                    0x080002a9   Thumb Code     0  startup_stm32f40_41xxx.o(.text)
    TIM1_BRK_TIM9_IRQHandler                 0x080002a9   Thumb Code     0  startup_stm32f40_41xxx.o(.text)
    TIM1_TRG_COM_TIM11_IRQHandler            0x080002a9   Thumb Code     0  startup_stm32f40_41xxx.o(.text)
    TIM2_IRQHandler                          0x080002a9   Thumb Code     0  startup_stm32f40_41xxx.o(.text)
    TIM3_IRQHandler                          0x080002a9   Thumb Code     0  startup_stm32f40_41xxx.o(.text)
    TIM5_IRQHandler                          0x080002a9   Thumb Code     0  startup_stm32f40_41xxx.o(.text)
    TIM6_DAC_IRQHandler                      0x080002a9   Thumb Code     0  startup_stm32f40_41xxx.o(.text)
    TIM7_IRQHandler                          0x080002a9   Thumb Code     0  startup_stm32f40_41xxx.o(.text)
    TIM8_BRK_TIM12_IRQHandler                0x080002a9   Thumb Code     0  startup_stm32f40_41xxx.o(.text)
    TIM8_CC_IRQHandler                       0x080002a9   Thumb Code     0  startup_stm32f40_41xxx.o(.text)
    TIM8_TRG_COM_TIM14_IRQHandler            0x080002a9   Thumb Code     0  startup_stm32f40_41xxx.o(.text)
    TIM8_UP_TIM13_IRQHandler                 0x080002a9   Thumb Code     0  startup_stm32f40_41xxx.o(.text)
    UART4_IRQHandler                         0x080002a9   Thumb Code     0  startup_stm32f40_41xxx.o(.text)
    UART5_IRQHandler                         0x080002a9   Thumb Code     0  startup_stm32f40_41xxx.o(.text)
    USART2_IRQHandler                        0x080002a9   Thumb Code     0  startup_stm32f40_41xxx.o(.text)
    USART3_IRQHandler                        0x080002a9   Thumb Code     0  startup_stm32f40_41xxx.o(.text)
    USART6_IRQHandler                        0x080002a9   Thumb Code     0  startup_stm32f40_41xxx.o(.text)
    WWDG_IRQHandler                          0x080002a9   Thumb Code     0  startup_stm32f40_41xxx.o(.text)
    __user_initial_stackheap                 0x080002ad   Thumb Code     0  startup_stm32f40_41xxx.o(.text)
    __use_no_semihosting                     0x080002cd   Thumb Code     2  use_no_semi_2.o(.text)
    __aeabi_ldivmod                          0x080002cf   Thumb Code     0  llsdiv.o(.text)
    _ll_sdiv                                 0x080002cf   Thumb Code    72  llsdiv.o(.text)
    __2printf                                0x08000319   Thumb Code    20  noretval__2printf.o(.text)
    __2sprintf                               0x08000331   Thumb Code    34  noretval__2sprintf.o(.text)
    _printf_pre_padding                      0x08000359   Thumb Code    44  _printf_pad.o(.text)
    _printf_post_padding                     0x08000385   Thumb Code    34  _printf_pad.o(.text)
    _printf_str                              0x080003a7   Thumb Code    82  _printf_str.o(.text)
    _printf_int_dec                          0x080003f9   Thumb Code   104  _printf_dec.o(.text)
    _printf_int_hex                          0x08000471   Thumb Code    84  _printf_hex_int.o(.text)
    _printf_longlong_hex                     0x08000471   Thumb Code     0  _printf_hex_int.o(.text)
    __printf                                 0x080004c9   Thumb Code   388  __printf_flags_ss_wp.o(.text)
    strcpy                                   0x08000651   Thumb Code    72  strcpy.o(.text)
    __aeabi_memcpy                           0x08000699   Thumb Code     0  rt_memcpy_v6.o(.text)
    __rt_memcpy                              0x08000699   Thumb Code   138  rt_memcpy_v6.o(.text)
    _memcpy_lastbytes                        0x080006ff   Thumb Code     0  rt_memcpy_v6.o(.text)
    strcmp                                   0x08000725   Thumb Code   128  strcmpv7m.o(.text)
    __use_two_region_memory                  0x080007a5   Thumb Code     2  heapauxi.o(.text)
    __rt_heap_escrow$2region                 0x080007a7   Thumb Code     2  heapauxi.o(.text)
    __rt_heap_expand$2region                 0x080007a9   Thumb Code     2  heapauxi.o(.text)
    __I$use$semihosting                      0x080007ab   Thumb Code     0  use_no_semi.o(.text)
    __use_no_semihosting_swi                 0x080007ab   Thumb Code     2  use_no_semi.o(.text)
    __aeabi_uldivmod                         0x080007ad   Thumb Code     0  lludivv7m.o(.text)
    _ll_udiv                                 0x080007ad   Thumb Code   238  lludivv7m.o(.text)
    _printf_int_common                       0x0800089b   Thumb Code   178  _printf_intcommon.o(.text)
    _printf_char_common                      0x08000957   Thumb Code    32  _printf_char_common.o(.text)
    _sputc                                   0x0800097d   Thumb Code    10  _sputc.o(.text)
    _printf_cs_common                        0x08000987   Thumb Code    20  _printf_char.o(.text)
    _printf_char                             0x0800099b   Thumb Code    16  _printf_char.o(.text)
    _printf_string                           0x080009ab   Thumb Code     8  _printf_char.o(.text)
    _printf_char_file                        0x080009b5   Thumb Code    32  _printf_char_file.o(.text)
    __aeabi_memcpy4                          0x080009d9   Thumb Code     0  rt_memcpy_w.o(.text)
    __aeabi_memcpy8                          0x080009d9   Thumb Code     0  rt_memcpy_w.o(.text)
    __rt_memcpy_w                            0x080009d9   Thumb Code   100  rt_memcpy_w.o(.text)
    _memcpy_lastbytes_aligned                0x08000a21   Thumb Code     0  rt_memcpy_w.o(.text)
    ferror                                   0x08000a3d   Thumb Code     8  ferror.o(.text)
    __user_setup_stackheap                   0x08000a45   Thumb Code    74  sys_stackheap_outer.o(.text)
    exit                                     0x08000a8f   Thumb Code    12  exit.o(.text)
    __user_libspace                          0x08000a9d   Thumb Code     8  libspace.o(.text)
    __user_perproc_libspace                  0x08000a9d   Thumb Code     0  libspace.o(.text)
    __user_perthread_libspace                0x08000a9d   Thumb Code     0  libspace.o(.text)
    CmdError                                 0x08000aa5   Thumb Code    50  sdio_sdcard.o(i.CmdError)
    CmdResp1Error                            0x08000add   Thumb Code    92  sdio_sdcard.o(i.CmdResp1Error)
    CmdResp2Error                            0x08000b3d   Thumb Code    98  sdio_sdcard.o(i.CmdResp2Error)
    CmdResp3Error                            0x08000ba5   Thumb Code    58  sdio_sdcard.o(i.CmdResp3Error)
    CmdResp6Error                            0x08000be5   Thumb Code   156  sdio_sdcard.o(i.CmdResp6Error)
    CmdResp7Error                            0x08000c85   Thumb Code    88  sdio_sdcard.o(i.CmdResp7Error)
    DMA1_Stream3_IRQHandler                  0x08000ce1   Thumb Code    32  i2s.o(i.DMA1_Stream3_IRQHandler)
    DMA1_Stream4_IRQHandler                  0x08000d09   Thumb Code    32  i2s.o(i.DMA1_Stream4_IRQHandler)
    FindSCR                                  0x08000d31   Thumb Code   344  sdio_sdcard.o(i.FindSCR)
    GPIO_AF_Set                              0x08000e8d   Thumb Code    64  sys.o(i.GPIO_AF_Set)
    GPIO_Set                                 0x08000ecd   Thumb Code   222  sys.o(i.GPIO_Set)
    Get_HzMat                                0x08000fad   Thumb Code   220  text.o(i.Get_HzMat)
    I2S2_Init                                0x0800108d   Thumb Code   162  i2s.o(i.I2S2_Init)
    I2S2_SampleRate_Set                      0x08001139   Thumb Code   164  i2s.o(i.I2S2_SampleRate_Set)
    I2S2_TX_DMA_Init                         0x080011e9   Thumb Code   220  i2s.o(i.I2S2_TX_DMA_Init)
    I2S2ext_Init                             0x080012d1   Thumb Code   124  i2s.o(i.I2S2ext_Init)
    I2S2ext_RX_DMA_Init                      0x08001351   Thumb Code   204  i2s.o(i.I2S2ext_RX_DMA_Init)
    I2S_Play_Start                           0x08001429   Thumb Code    14  i2s.o(i.I2S_Play_Start)
    I2S_Play_Stop                            0x0800143d   Thumb Code    14  i2s.o(i.I2S_Play_Stop)
    I2S_Rec_Start                            0x08001451   Thumb Code    14  i2s.o(i.I2S_Rec_Start)
    I2S_Rec_Stop                             0x08001465   Thumb Code    14  i2s.o(i.I2S_Rec_Stop)
    IIC_Init                                 0x08001479   Thumb Code    50  myiic.o(i.IIC_Init)
    IIC_Send_Byte                            0x080014bd   Thumb Code    90  myiic.o(i.IIC_Send_Byte)
    IIC_Start                                0x08001525   Thumb Code    64  myiic.o(i.IIC_Start)
    IIC_Stop                                 0x08001571   Thumb Code    62  myiic.o(i.IIC_Stop)
    IIC_Wait_Ack                             0x080015bd   Thumb Code    82  myiic.o(i.IIC_Wait_Ack)
    INTX_DISABLE                             0x0800161d   Thumb Code     4  sys.o(i.INTX_DISABLE)
    INTX_ENABLE                              0x08001621   Thumb Code     4  sys.o(i.INTX_ENABLE)
    IsCardProgramming                        0x08001625   Thumb Code   148  sdio_sdcard.o(i.IsCardProgramming)
    KEY_Init                                 0x080016c1   Thumb Code    66  key.o(i.KEY_Init)
    KEY_Scan                                 0x08001711   Thumb Code   150  key.o(i.KEY_Scan)
    LCD_Clear                                0x080017b5   Thumb Code   100  ili93xx.o(i.LCD_Clear)
    LCD_Display_Dir                          0x08001821   Thumb Code   444  ili93xx.o(i.LCD_Display_Dir)
    LCD_Fast_DrawPoint                       0x080019e1   Thumb Code   374  ili93xx.o(i.LCD_Fast_DrawPoint)
    LCD_Fill                                 0x08001b61   Thumb Code   180  ili93xx.o(i.LCD_Fill)
    LCD_Init                                 0x08001c19   Thumb Code 14634  ili93xx.o(i.LCD_Init)
    LCD_Pow                                  0x0800554d   Thumb Code    22  ili93xx.o(i.LCD_Pow)
    LCD_RD_DATA                              0x08005565   Thumb Code    14  ili93xx.o(i.LCD_RD_DATA)
    LCD_ReadReg                              0x08005579   Thumb Code    22  ili93xx.o(i.LCD_ReadReg)
    LCD_SSD_BackLightSet                     0x08005591   Thumb Code    88  ili93xx.o(i.LCD_SSD_BackLightSet)
    LCD_Scan_Dir                             0x080055f1   Thumb Code   744  ili93xx.o(i.LCD_Scan_Dir)
    LCD_SetCursor                            0x080058dd   Thumb Code   418  ili93xx.o(i.LCD_SetCursor)
    LCD_ShowChar                             0x08005a85   Thumb Code   272  ili93xx.o(i.LCD_ShowChar)
    LCD_ShowNum                              0x08005bad   Thumb Code   148  ili93xx.o(i.LCD_ShowNum)
    LCD_ShowString                           0x08005c41   Thumb Code   102  ili93xx.o(i.LCD_ShowString)
    LCD_ShowxNum                             0x08005ca7   Thumb Code   190  ili93xx.o(i.LCD_ShowxNum)
    LCD_WR_DATA                              0x08005d65   Thumb Code    18  ili93xx.o(i.LCD_WR_DATA)
    LCD_WR_REG                               0x08005d7d   Thumb Code    18  ili93xx.o(i.LCD_WR_REG)
    LCD_WriteRAM_Prepare                     0x08005d95   Thumb Code    10  ili93xx.o(i.LCD_WriteRAM_Prepare)
    LCD_WriteReg                             0x08005da9   Thumb Code    14  ili93xx.o(i.LCD_WriteReg)
    LED_Init                                 0x08005dbd   Thumb Code    48  led.o(i.LED_Init)
    MY_NVIC_Init                             0x08005dfd   Thumb Code   116  sys.o(i.MY_NVIC_Init)
    MY_NVIC_PriorityGroupConfig              0x08005e75   Thumb Code    32  sys.o(i.MY_NVIC_PriorityGroupConfig)
    MY_NVIC_SetVectorTable                   0x08005e9d   Thumb Code    12  sys.o(i.MY_NVIC_SetVectorTable)
    Remote_Init                              0x08005ead   Thumb Code   170  remote.o(i.Remote_Init)
    Remote_Scan                              0x08005f65   Thumb Code    92  remote.o(i.Remote_Scan)
    SDEnWideBus                              0x08005fcd   Thumb Code   118  sdio_sdcard.o(i.SDEnWideBus)
    SDIO_Clock_Set                           0x0800604d   Thumb Code    16  sdio_sdcard.o(i.SDIO_Clock_Set)
    SDIO_IRQHandler                          0x08006061   Thumb Code     8  sdio_sdcard.o(i.SDIO_IRQHandler)
    SDIO_Send_Cmd                            0x08006069   Thumb Code    40  sdio_sdcard.o(i.SDIO_Send_Cmd)
    SDIO_Send_Data_Cfg                       0x08006095   Thumb Code    50  sdio_sdcard.o(i.SDIO_Send_Data_Cfg)
    SD_DMA_Config                            0x080060cd   Thumb Code   138  sdio_sdcard.o(i.SD_DMA_Config)
    SD_EnableWideBusOperation                0x08006161   Thumb Code    94  sdio_sdcard.o(i.SD_EnableWideBusOperation)
    SD_GetCardInfo                           0x080061c9   Thumb Code   772  sdio_sdcard.o(i.SD_GetCardInfo)
    SD_Init                                  0x080064dd   Thumb Code   348  sdio_sdcard.o(i.SD_Init)
    SD_InitializeCards                       0x08006655   Thumb Code   256  sdio_sdcard.o(i.SD_InitializeCards)
    SD_PowerON                               0x08006769   Thumb Code   366  sdio_sdcard.o(i.SD_PowerON)
    SD_ProcessIRQSrc                         0x080068e9   Thumb Code   346  sdio_sdcard.o(i.SD_ProcessIRQSrc)
    SD_ReadBlock                             0x08006a55   Thumb Code   554  sdio_sdcard.o(i.SD_ReadBlock)
    SD_ReadDisk                              0x08006ca1   Thumb Code   152  sdio_sdcard.o(i.SD_ReadDisk)
    SD_ReadMultiBlocks                       0x08006d41   Thumb Code   670  sdio_sdcard.o(i.SD_ReadMultiBlocks)
    SD_SelectDeselect                        0x08007005   Thumb Code    22  sdio_sdcard.o(i.SD_SelectDeselect)
    SD_SetDeviceMode                         0x0800701d   Thumb Code    20  sdio_sdcard.o(i.SD_SetDeviceMode)
    SD_WriteBlock                            0x08007035   Thumb Code   804  sdio_sdcard.o(i.SD_WriteBlock)
    SD_WriteDisk                             0x08007379   Thumb Code   152  sdio_sdcard.o(i.SD_WriteDisk)
    SD_WriteMultiBlocks                      0x08007419   Thumb Code   858  sdio_sdcard.o(i.SD_WriteMultiBlocks)
    SPI1_Init                                0x08007795   Thumb Code   164  spi.o(i.SPI1_Init)
    SPI1_ReadWriteByte                       0x08007845   Thumb Code    42  spi.o(i.SPI1_ReadWriteByte)
    SPI1_SetSpeed                            0x08007875   Thumb Code    40  spi.o(i.SPI1_SetSpeed)
    Show_Font                                0x080078a1   Thumb Code   190  text.o(i.Show_Font)
    Show_Str                                 0x08007969   Thumb Code   194  text.o(i.Show_Str)
    Stm32_Clock_Init                         0x08007a2d   Thumb Code    90  sys.o(i.Stm32_Clock_Init)
    Sys_Clock_Set                            0x08007a95   Thumb Code   254  sys.o(i.Sys_Clock_Set)
    TIM1_CC_IRQHandler                       0x08007ba1   Thumb Code   284  remote.o(i.TIM1_CC_IRQHandler)
    TIM1_UP_TIM10_IRQHandler                 0x08007cd5   Thumb Code   106  remote.o(i.TIM1_UP_TIM10_IRQHandler)
    TIM4_IRQHandler                          0x08007d49   Thumb Code    50  usmart.o(i.TIM4_IRQHandler)
    Timer4_Init                              0x08007d85   Thumb Code    72  usmart.o(i.Timer4_Init)
    USART1_IRQHandler                        0x08007dd5   Thumb Code   116  usart.o(i.USART1_IRQHandler)
    W25QXX_Erase_Sector                      0x08007e55   Thumb Code    70  w25qxx.o(i.W25QXX_Erase_Sector)
    W25QXX_Init                              0x08007ead   Thumb Code   106  w25qxx.o(i.W25QXX_Init)
    W25QXX_Read                              0x08007f2d   Thumb Code    74  w25qxx.o(i.W25QXX_Read)
    W25QXX_ReadID                            0x08007f7d   Thumb Code    64  w25qxx.o(i.W25QXX_ReadID)
    W25QXX_ReadSR                            0x08007fc5   Thumb Code    36  w25qxx.o(i.W25QXX_ReadSR)
    W25QXX_Wait_Busy                         0x08007ff1   Thumb Code    18  w25qxx.o(i.W25QXX_Wait_Busy)
    W25QXX_Write                             0x08008005   Thumb Code   180  w25qxx.o(i.W25QXX_Write)
    W25QXX_Write_Enable                      0x080080bd   Thumb Code    24  w25qxx.o(i.W25QXX_Write_Enable)
    W25QXX_Write_NoCheck                     0x080080dd   Thumb Code    70  w25qxx.o(i.W25QXX_Write_NoCheck)
    W25QXX_Write_Page                        0x08008125   Thumb Code    80  w25qxx.o(i.W25QXX_Write_Page)
    WM8978_3D_Set                            0x08008179   Thumb Code    18  wm8978.o(i.WM8978_3D_Set)
    WM8978_ADDA_Cfg                          0x0800818b   Thumb Code    64  wm8978.o(i.WM8978_ADDA_Cfg)
    WM8978_AUX_Gain                          0x080081cb   Thumb Code    54  wm8978.o(i.WM8978_AUX_Gain)
    WM8978_EQ1_Set                           0x08008201   Thumb Code    50  wm8978.o(i.WM8978_EQ1_Set)
    WM8978_EQ2_Set                           0x08008233   Thumb Code    40  wm8978.o(i.WM8978_EQ2_Set)
    WM8978_EQ3_Set                           0x0800825b   Thumb Code    40  wm8978.o(i.WM8978_EQ3_Set)
    WM8978_EQ4_Set                           0x08008283   Thumb Code    40  wm8978.o(i.WM8978_EQ4_Set)
    WM8978_EQ5_Set                           0x080082ab   Thumb Code    40  wm8978.o(i.WM8978_EQ5_Set)
    WM8978_EQ_3D_Dir                         0x080082d3   Thumb Code    34  wm8978.o(i.WM8978_EQ_3D_Dir)
    WM8978_HPvol_Set                         0x080082f5   Thumb Code    46  wm8978.o(i.WM8978_HPvol_Set)
    WM8978_I2S_Cfg                           0x08008323   Thumb Code    28  wm8978.o(i.WM8978_I2S_Cfg)
    WM8978_Init                              0x08008341   Thumb Code   224  wm8978.o(i.WM8978_Init)
    WM8978_Input_Cfg                         0x0800842d   Thumb Code   102  wm8978.o(i.WM8978_Input_Cfg)
    WM8978_LINEIN_Gain                       0x08008493   Thumb Code    54  wm8978.o(i.WM8978_LINEIN_Gain)
    WM8978_MIC_Gain                          0x080084c9   Thumb Code    28  wm8978.o(i.WM8978_MIC_Gain)
    WM8978_Output_Cfg                        0x080084e5   Thumb Code    42  wm8978.o(i.WM8978_Output_Cfg)
    WM8978_Read_Reg                          0x08008511   Thumb Code    10  wm8978.o(i.WM8978_Read_Reg)
    WM8978_SPKvol_Set                        0x08008521   Thumb Code    34  wm8978.o(i.WM8978_SPKvol_Set)
    WM8978_Write_Reg                         0x08008545   Thumb Code    80  wm8978.o(i.WM8978_Write_Reg)
    _is_digit                                0x08008599   Thumb Code    14  __printf_wp.o(i._is_digit)
    _sys_exit                                0x080085a7   Thumb Code     6  usart.o(i._sys_exit)
    audio_msg_show                           0x080085ad   Thumb Code   242  audioplay.o(i.audio_msg_show)
    audio_play_song                          0x080086ad   Thumb Code    44  audioplay.o(i.audio_play_song)
    audio_start                              0x080086e9   Thumb Code    14  audioplay.o(i.audio_start)
    audio_stop                               0x080086fd   Thumb Code    14  audioplay.o(i.audio_stop)
    char_upper                               0x08008711   Thumb Code    26  exfuns.o(i.char_upper)
    clust2sect                               0x08008803   Thumb Code    26  ff.o(i.clust2sect)
    convert_from_bytes_to_power_of_two       0x080088ad   Thumb Code    18  sdio_sdcard.o(i.convert_from_bytes_to_power_of_two)
    delay_init                               0x08008c05   Thumb Code    56  delay.o(i.delay_init)
    delay_ms                                 0x08008c45   Thumb Code    56  delay.o(i.delay_ms)
    delay_us                                 0x08008c7d   Thumb Code    56  delay.o(i.delay_us)
    delay_xms                                0x08008cb9   Thumb Code    56  delay.o(i.delay_xms)
    dir_sdi                                  0x08009075   Thumb Code   158  ff.o(i.dir_sdi)
    disk_initialize                          0x08009115   Thumb Code    52  diskio.o(i.disk_initialize)
    disk_ioctl                               0x0800914d   Thumb Code   170  diskio.o(i.disk_ioctl)
    disk_read                                0x08009201   Thumb Code   122  diskio.o(i.disk_read)
    disk_status                              0x0800927b   Thumb Code     6  diskio.o(i.disk_status)
    disk_write                               0x08009281   Thumb Code   122  diskio.o(i.disk_write)
    exfuns_init                              0x080092fd   Thumb Code   114  exfuns.o(i.exfuns_init)
    f_close                                  0x08009381   Thumb Code    36  ff.o(i.f_close)
    f_lseek                                  0x080093a5   Thumb Code   654  ff.o(i.f_lseek)
    f_mkdir                                  0x08009633   Thumb Code   380  ff.o(i.f_mkdir)
    f_mount                                  0x080097b1   Thumb Code    86  ff.o(i.f_mount)
    f_open                                   0x0800980d   Thumb Code   384  ff.o(i.f_open)
    f_opendir                                0x0800998d   Thumb Code   136  ff.o(i.f_opendir)
    f_read                                   0x08009a15   Thumb Code   432  ff.o(i.f_read)
    f_sync                                   0x08009bc5   Thumb Code   176  ff.o(i.f_sync)
    f_typetell                               0x08009c75   Thumb Code   172  exfuns.o(i.f_typetell)
    f_write                                  0x08009d25   Thumb Code   490  ff.o(i.f_write)
    ff_convert                               0x08009f11   Thumb Code   146  mycc936.o(i.ff_convert)
    ff_memalloc                              0x08009fa9   Thumb Code    14  diskio.o(i.ff_memalloc)
    ff_memfree                               0x08009fb7   Thumb Code    14  diskio.o(i.ff_memfree)
    ff_wtoupper                              0x08009fc5   Thumb Code    46  mycc936.o(i.ff_wtoupper)
    font_init                                0x0800a495   Thumb Code    64  fontupd.o(i.font_init)
    fputc                                    0x0800a4d9   Thumb Code    22  usart.o(i.fputc)
    get_fat                                  0x0800a5bd   Thumb Code   232  ff.o(i.get_fat)
    get_fattime                              0x0800a6a5   Thumb Code     4  diskio.o(i.get_fattime)
    main                                     0x0800a715   Thumb Code   328  test.o(i.main)
    my_mem_free                              0x0800a955   Thumb Code    96  malloc.o(i.my_mem_free)
    my_mem_init                              0x0800a9c1   Thumb Code    54  malloc.o(i.my_mem_init)
    my_mem_malloc                            0x0800aa05   Thumb Code   156  malloc.o(i.my_mem_malloc)
    my_mem_perused                           0x0800aaad   Thumb Code    54  malloc.o(i.my_mem_perused)
    myfree                                   0x0800aaed   Thumb Code    30  malloc.o(i.myfree)
    mymalloc                                 0x0800ab11   Thumb Code    34  malloc.o(i.mymalloc)
    mymemset                                 0x0800ab39   Thumb Code    20  malloc.o(i.mymemset)
    put_fat                                  0x0800ab4d   Thumb Code   310  ff.o(i.put_fat)
    read_addr                                0x0800ac83   Thumb Code     6  usmart.o(i.read_addr)
    rec_i2s_dma_rx_callback                  0x0800ac89   Thumb Code    96  recorder.o(i.rec_i2s_dma_rx_callback)
    recoder_enter_play_mode                  0x0800ad15   Thumb Code    50  recorder.o(i.recoder_enter_play_mode)
    recoder_enter_rec_mode                   0x0800ad49   Thumb Code   132  recorder.o(i.recoder_enter_rec_mode)
    recoder_msg_show                         0x0800ade5   Thumb Code   148  recorder.o(i.recoder_msg_show)
    recoder_new_pathname                     0x0800ae89   Thumb Code    54  recorder.o(i.recoder_new_pathname)
    recoder_remindmsg_show                   0x0800aedd   Thumb Code   158  recorder.o(i.recoder_remindmsg_show)
    recoder_wav_init                         0x0800afd5   Thumb Code    66  recorder.o(i.recoder_wav_init)
    uart_init                                0x0800b1d9   Thumb Code   240  usart.o(i.uart_init)
    usmart_cmd_rec                           0x0800b2d9   Thumb Code   170  usmart.o(i.usmart_cmd_rec)
    usmart_exe                               0x0800b389   Thumb Code   632  usmart.o(i.usmart_exe)
    usmart_get_aparm                         0x0800b65d   Thumb Code   212  usmart_str.o(i.usmart_get_aparm)
    usmart_get_cmdname                       0x0800b731   Thumb Code    54  usmart_str.o(i.usmart_get_cmdname)
    usmart_get_fname                         0x0800b769   Thumb Code   440  usmart_str.o(i.usmart_get_fname)
    usmart_get_fparam                        0x0800b929   Thumb Code   262  usmart_str.o(i.usmart_get_fparam)
    usmart_get_parmpos                       0x0800ba35   Thumb Code    26  usmart_str.o(i.usmart_get_parmpos)
    usmart_get_runtime                       0x0800ba55   Thumb Code    56  usmart.o(i.usmart_get_runtime)
    usmart_init                              0x0800ba95   Thumb Code    36  usmart.o(i.usmart_init)
    usmart_pow                               0x0800babd   Thumb Code    22  usmart_str.o(i.usmart_pow)
    usmart_reset_runtime                     0x0800bad5   Thumb Code    38  usmart.o(i.usmart_reset_runtime)
    usmart_scan                              0x0800bb05   Thumb Code   120  usmart.o(i.usmart_scan)
    usmart_search_nextc                      0x0800bbc1   Thumb Code    22  usmart_str.o(i.usmart_search_nextc)
    usmart_str2num                           0x0800bbd7   Thumb Code   262  usmart_str.o(i.usmart_str2num)
    usmart_strcmp                            0x0800bcdd   Thumb Code    34  usmart_str.o(i.usmart_strcmp)
    usmart_strcopy                           0x0800bcff   Thumb Code    22  usmart_str.o(i.usmart_strcopy)
    usmart_strlen                            0x0800bd15   Thumb Code    24  usmart_str.o(i.usmart_strlen)
    usmart_sys_cmd_exe                       0x0800bd2d   Thumb Code  1570  usmart.o(i.usmart_sys_cmd_exe)
    wav_buffill                              0x0800c459   Thumb Code   156  wavplay.o(i.wav_buffill)
    wav_decode_init                          0x0800c4f9   Thumb Code   314  wavplay.o(i.wav_decode_init)
    wav_get_curtime                          0x0800c6f5   Thumb Code    74  wavplay.o(i.wav_get_curtime)
    wav_i2s_dma_tx_callback                  0x0800c741   Thumb Code    96  wavplay.o(i.wav_i2s_dma_tx_callback)
    wav_play_song                            0x0800c7b1   Thumb Code   558  wavplay.o(i.wav_play_song)
    wav_recorder                             0x0800c9fd   Thumb Code  1776  recorder.o(i.wav_recorder)
    write_addr                               0x0800d10d   Thumb Code     4  usmart.o(i.write_addr)
    __aeabi_d2uiz                            0x0800d111   Thumb Code     0  dfixu.o(x$fpl$dfixu)
    _dfixu                                   0x0800d111   Thumb Code    90  dfixu.o(x$fpl$dfixu)
    __aeabi_ui2d                             0x0800d16b   Thumb Code     0  dflt_clz.o(x$fpl$dfltu)
    _dfltu                                   0x0800d16b   Thumb Code    38  dflt_clz.o(x$fpl$dfltu)
    __aeabi_dmul                             0x0800d191   Thumb Code     0  dmul.o(x$fpl$dmul)
    _dmul                                    0x0800d191   Thumb Code   332  dmul.o(x$fpl$dmul)
    __fpl_dnaninf                            0x0800d2e5   Thumb Code   156  dnaninf.o(x$fpl$dnaninf)
    __fpl_dretinf                            0x0800d381   Thumb Code    12  dretinf.o(x$fpl$dretinf)
    _fp_init                                 0x0800d38d   Thumb Code    10  fpinit.o(x$fpl$fpinit)
    __fplib_config_fpu_vfp                   0x0800d395   Thumb Code     0  fpinit.o(x$fpl$fpinit)
    __fplib_config_pureend_doubles           0x0800d395   Thumb Code     0  fpinit.o(x$fpl$fpinit)
    __I$use$fp                               0x0800d396   Number         0  usenofp.o(x$fpl$usenofp)
    asc2_1206                                0x0800d396   Data        1140  ili93xx.o(.constdata)
    asc2_1608                                0x0800d80a   Data        1520  ili93xx.o(.constdata)
    asc2_2412                                0x0800ddfa   Data        3420  ili93xx.o(.constdata)
    I2S_PSC_TBL                              0x0800eb56   Data         110  i2s.o(.constdata)
    memtblsize                               0x0800ebc4   Data          12  malloc.o(.constdata)
    memblksize                               0x0800ebd0   Data          12  malloc.o(.constdata)
    memsize                                  0x0800ebdc   Data          12  malloc.o(.constdata)
    FILE_TYPE_TBL                            0x0800ec24   Data         112  exfuns.o(.constdata)
    i2splaybuf                               0x0800f054   Data           4  recorder.o(.constdata)
    Region$$Table$$Base                      0x0800f300   Number         0  anon$$obj.o(Region$$Table)
    Region$$Table$$Limit                     0x0800f320   Number         0  anon$$obj.o(Region$$Table)
    mem3base                                 0x10000000   Data       61440  malloc.o(.ARM.__AT_0x10000000)
    mem3mapbase                              0x1000f000   Data        3840  malloc.o(.ARM.__AT_0x1000F000)
    __stdout                                 0x20000004   Data           4  usart.o(.data)
    USART_RX_STA                             0x20000008   Data           2  usart.o(.data)
    POINT_COLOR                              0x2000000a   Data           2  ili93xx.o(.data)
    BACK_COLOR                               0x2000000c   Data           2  ili93xx.o(.data)
    TransferError                            0x2000001a   Data           1  sdio_sdcard.o(.data)
    TransferEnd                              0x2000001b   Data           1  sdio_sdcard.o(.data)
    tempbuff                                 0x2000001c   Data           4  sdio_sdcard.o(.data)
    W25QXX_TYPE                              0x20000020   Data           2  w25qxx.o(.data)
    i2s_tx_callback                          0x20000024   Data           4  i2s.o(.data)
    i2s_rx_callback                          0x20000028   Data           4  i2s.o(.data)
    RmtSta                                   0x200000a0   Data           1  remote.o(.data)
    Dval                                     0x200000a2   Data           2  remote.o(.data)
    RmtRec                                   0x200000a4   Data           4  remote.o(.data)
    RmtCnt                                   0x200000a8   Data           1  remote.o(.data)
    mallco_dev                               0x200000ac   Data          36  malloc.o(.data)
    FLASH_SECTOR_COUNT                       0x200000d2   Data           2  diskio.o(.data)
    file                                     0x200000d4   Data           4  exfuns.o(.data)
    ftemp                                    0x200000d8   Data           4  exfuns.o(.data)
    br                                       0x200000dc   Data           4  exfuns.o(.data)
    bw                                       0x200000e0   Data           4  exfuns.o(.data)
    fatbuf                                   0x200000e4   Data           4  exfuns.o(.data)
    sys_cmd_tab                              0x200000e8   Data          28  usmart.o(.data)
    usmart_nametab                           0x20000104   Data         120  usmart_config.o(.data)
    usmart_dev                               0x2000017c   Data         244  usmart_config.o(.data)
    wavtransferend                           0x20000270   Data           1  wavplay.o(.data)
    wavwitchbuf                              0x20000271   Data           1  wavplay.o(.data)
    i2srecbuf1                               0x20000274   Data           4  recorder.o(.data)
    i2srecbuf2                               0x20000278   Data           4  recorder.o(.data)
    f_rec                                    0x2000027c   Data           4  recorder.o(.data)
    wavsize                                  0x20000280   Data           4  recorder.o(.data)
    rec_sta                                  0x20000284   Data           1  recorder.o(.data)
    USART_RX_BUF                             0x20000288   Data         200  usart.o(.bss)
    lcddev                                   0x20000350   Data          14  ili93xx.o(.bss)
    SDCardInfo                               0x20000380   Data          88  sdio_sdcard.o(.bss)
    SDIO_DATA_BUFFER                         0x200003d8   Data         512  sdio_sdcard.o(.bss)
    W25QXX_BUFFER                            0x200005d8   Data        4096  w25qxx.o(.bss)
    mem1base                                 0x200015e0   Data       112640  malloc.o(.bss)
    mem1mapbase                              0x2001cde0   Data        7040  malloc.o(.bss)
    fs                                       0x2001e96c   Data          12  exfuns.o(.bss)
    fileinfo                                 0x2001e978   Data          32  exfuns.o(.bss)
    dir                                      0x2001e998   Data          36  exfuns.o(.bss)
    ftinfo                                   0x2001e9bc   Data          33  fontupd.o(.bss)
    wavctrl                                  0x2001e9dd   Data          32  wavplay.o(.bss)
    audiodev                                 0x2001e9fd   Data          17  audioplay.o(.bss)
    __libspace_start                         0x2001ea10   Data          96  libspace.o(.bss)
    __temporary_stack_top$libspace           0x2001ea70   Data           0  libspace.o(.bss)
    mem2base                                 0x68000000   Data       983040  malloc.o(.ARM.__AT_0x68000000)
    mem2mapbase                              0x680f0000   Data       61440  malloc.o(.ARM.__AT_0x680F0000)



==============================================================================

Memory Map of the image

  Image Entry point : 0x08000189

  Load Region LR_IROM1 (Base: 0x08000000, Size: 0x0000f5a8, Max: 0x00100000, ABSOLUTE, COMPRESSED[0x0000f414])

    Execution Region ER_IROM1 (Base: 0x08000000, Size: 0x0000f320, Max: 0x00100000, ABSOLUTE)

    Base Addr    Size         Type   Attr      Idx    E Section Name        Object

    0x08000000   0x00000188   Data   RO            3    RESET               startup_stm32f40_41xxx.o
    0x08000188   0x00000008   Code   RO         2548  * !!!main             c_w.l(__main.o)
    0x08000190   0x00000034   Code   RO         2752    !!!scatter          c_w.l(__scatter.o)
    0x080001c4   0x0000005a   Code   RO         2750    !!dczerorl2         c_w.l(__dczerorl2.o)
    0x0800021e   0x00000002   PAD
    0x08000220   0x0000001c   Code   RO         2754    !!handler_zi        c_w.l(__scatter_zi.o)
    0x0800023c   0x00000000   Code   RO         2535    .ARM.Collect$$_printf_percent$$00000000  c_w.l(_printf_percent.o)
    0x0800023c   0x00000006   Code   RO         2533    .ARM.Collect$$_printf_percent$$00000009  c_w.l(_printf_d.o)
    0x08000242   0x00000006   Code   RO         2534    .ARM.Collect$$_printf_percent$$0000000A  c_w.l(_printf_u.o)
    0x08000248   0x00000006   Code   RO         2532    .ARM.Collect$$_printf_percent$$0000000C  c_w.l(_printf_x.o)
    0x0800024e   0x00000006   Code   RO         2530    .ARM.Collect$$_printf_percent$$00000013  c_w.l(_printf_c.o)
    0x08000254   0x00000006   Code   RO         2531    .ARM.Collect$$_printf_percent$$00000014  c_w.l(_printf_s.o)
    0x0800025a   0x00000004   Code   RO         2577    .ARM.Collect$$_printf_percent$$00000017  c_w.l(_printf_percent_end.o)
    0x0800025e   0x00000002   Code   RO         2621    .ARM.Collect$$libinit$$00000000  c_w.l(libinit.o)
    0x08000260   0x00000004   Code   RO         2631    .ARM.Collect$$libinit$$00000001  c_w.l(libinit2.o)
    0x08000264   0x00000000   Code   RO         2634    .ARM.Collect$$libinit$$00000004  c_w.l(libinit2.o)
    0x08000264   0x00000000   Code   RO         2637    .ARM.Collect$$libinit$$0000000A  c_w.l(libinit2.o)
    0x08000264   0x00000000   Code   RO         2639    .ARM.Collect$$libinit$$0000000C  c_w.l(libinit2.o)
    0x08000264   0x00000000   Code   RO         2641    .ARM.Collect$$libinit$$0000000E  c_w.l(libinit2.o)
    0x08000264   0x00000000   Code   RO         2644    .ARM.Collect$$libinit$$00000011  c_w.l(libinit2.o)
    0x08000264   0x00000000   Code   RO         2646    .ARM.Collect$$libinit$$00000013  c_w.l(libinit2.o)
    0x08000264   0x00000000   Code   RO         2648    .ARM.Collect$$libinit$$00000015  c_w.l(libinit2.o)
    0x08000264   0x00000000   Code   RO         2650    .ARM.Collect$$libinit$$00000017  c_w.l(libinit2.o)
    0x08000264   0x00000000   Code   RO         2652    .ARM.Collect$$libinit$$00000019  c_w.l(libinit2.o)
    0x08000264   0x00000000   Code   RO         2654    .ARM.Collect$$libinit$$0000001B  c_w.l(libinit2.o)
    0x08000264   0x00000000   Code   RO         2656    .ARM.Collect$$libinit$$0000001D  c_w.l(libinit2.o)
    0x08000264   0x00000000   Code   RO         2658    .ARM.Collect$$libinit$$0000001F  c_w.l(libinit2.o)
    0x08000264   0x00000000   Code   RO         2660    .ARM.Collect$$libinit$$00000021  c_w.l(libinit2.o)
    0x08000264   0x00000000   Code   RO         2662    .ARM.Collect$$libinit$$00000023  c_w.l(libinit2.o)
    0x08000264   0x00000000   Code   RO         2664    .ARM.Collect$$libinit$$00000025  c_w.l(libinit2.o)
    0x08000264   0x00000000   Code   RO         2668    .ARM.Collect$$libinit$$0000002C  c_w.l(libinit2.o)
    0x08000264   0x00000000   Code   RO         2670    .ARM.Collect$$libinit$$0000002E  c_w.l(libinit2.o)
    0x08000264   0x00000000   Code   RO         2672    .ARM.Collect$$libinit$$00000030  c_w.l(libinit2.o)
    0x08000264   0x00000000   Code   RO         2674    .ARM.Collect$$libinit$$00000032  c_w.l(libinit2.o)
    0x08000264   0x00000002   Code   RO         2675    .ARM.Collect$$libinit$$00000033  c_w.l(libinit2.o)
    0x08000266   0x00000002   Code   RO         2703    .ARM.Collect$$libshutdown$$00000000  c_w.l(libshutdown.o)
    0x08000268   0x00000000   Code   RO         2718    .ARM.Collect$$libshutdown$$00000003  c_w.l(libshutdown2.o)
    0x08000268   0x00000000   Code   RO         2721    .ARM.Collect$$libshutdown$$00000006  c_w.l(libshutdown2.o)
    0x08000268   0x00000000   Code   RO         2724    .ARM.Collect$$libshutdown$$00000009  c_w.l(libshutdown2.o)
    0x08000268   0x00000000   Code   RO         2726    .ARM.Collect$$libshutdown$$0000000B  c_w.l(libshutdown2.o)
    0x08000268   0x00000000   Code   RO         2729    .ARM.Collect$$libshutdown$$0000000E  c_w.l(libshutdown2.o)
    0x08000268   0x00000002   Code   RO         2730    .ARM.Collect$$libshutdown$$0000000F  c_w.l(libshutdown2.o)
    0x0800026a   0x00000000   Code   RO         2564    .ARM.Collect$$rtentry$$00000000  c_w.l(__rtentry.o)
    0x0800026a   0x00000000   Code   RO         2586    .ARM.Collect$$rtentry$$00000002  c_w.l(__rtentry2.o)
    0x0800026a   0x00000006   Code   RO         2598    .ARM.Collect$$rtentry$$00000004  c_w.l(__rtentry4.o)
    0x08000270   0x00000000   Code   RO         2588    .ARM.Collect$$rtentry$$00000009  c_w.l(__rtentry2.o)
    0x08000270   0x00000004   Code   RO         2589    .ARM.Collect$$rtentry$$0000000A  c_w.l(__rtentry2.o)
    0x08000274   0x00000000   Code   RO         2591    .ARM.Collect$$rtentry$$0000000C  c_w.l(__rtentry2.o)
    0x08000274   0x00000008   Code   RO         2592    .ARM.Collect$$rtentry$$0000000D  c_w.l(__rtentry2.o)
    0x0800027c   0x00000002   Code   RO         2625    .ARM.Collect$$rtexit$$00000000  c_w.l(rtexit.o)
    0x0800027e   0x00000000   Code   RO         2677    .ARM.Collect$$rtexit$$00000002  c_w.l(rtexit2.o)
    0x0800027e   0x00000004   Code   RO         2678    .ARM.Collect$$rtexit$$00000003  c_w.l(rtexit2.o)
    0x08000282   0x00000006   Code   RO         2679    .ARM.Collect$$rtexit$$00000004  c_w.l(rtexit2.o)
    0x08000288   0x00000044   Code   RO            4    .text               startup_stm32f40_41xxx.o
    0x080002cc   0x00000002   Code   RO         2469    .text               c_w.l(use_no_semi_2.o)
    0x080002ce   0x00000048   Code   RO         2471    .text               c_w.l(llsdiv.o)
    0x08000316   0x00000002   PAD
    0x08000318   0x00000018   Code   RO         2477    .text               c_w.l(noretval__2printf.o)
    0x08000330   0x00000028   Code   RO         2479    .text               c_w.l(noretval__2sprintf.o)
    0x08000358   0x0000004e   Code   RO         2483    .text               c_w.l(_printf_pad.o)
    0x080003a6   0x00000052   Code   RO         2485    .text               c_w.l(_printf_str.o)
    0x080003f8   0x00000078   Code   RO         2487    .text               c_w.l(_printf_dec.o)
    0x08000470   0x00000058   Code   RO         2492    .text               c_w.l(_printf_hex_int.o)
    0x080004c8   0x00000188   Code   RO         2527    .text               c_w.l(__printf_flags_ss_wp.o)
    0x08000650   0x00000048   Code   RO         2536    .text               c_w.l(strcpy.o)
    0x08000698   0x0000008a   Code   RO         2542    .text               c_w.l(rt_memcpy_v6.o)
    0x08000722   0x00000002   PAD
    0x08000724   0x00000080   Code   RO         2544    .text               c_w.l(strcmpv7m.o)
    0x080007a4   0x00000006   Code   RO         2546    .text               c_w.l(heapauxi.o)
    0x080007aa   0x00000002   Code   RO         2562    .text               c_w.l(use_no_semi.o)
    0x080007ac   0x000000ee   Code   RO         2565    .text               c_w.l(lludivv7m.o)
    0x0800089a   0x000000b2   Code   RO         2567    .text               c_w.l(_printf_intcommon.o)
    0x0800094c   0x00000030   Code   RO         2569    .text               c_w.l(_printf_char_common.o)
    0x0800097c   0x0000000a   Code   RO         2571    .text               c_w.l(_sputc.o)
    0x08000986   0x0000002c   Code   RO         2573    .text               c_w.l(_printf_char.o)
    0x080009b2   0x00000002   PAD
    0x080009b4   0x00000024   Code   RO         2575    .text               c_w.l(_printf_char_file.o)
    0x080009d8   0x00000064   Code   RO         2578    .text               c_w.l(rt_memcpy_w.o)
    0x08000a3c   0x00000008   Code   RO         2606    .text               c_w.l(ferror.o)
    0x08000a44   0x0000004a   Code   RO         2610    .text               c_w.l(sys_stackheap_outer.o)
    0x08000a8e   0x0000000c   Code   RO         2614    .text               c_w.l(exit.o)
    0x08000a9a   0x00000002   PAD
    0x08000a9c   0x00000008   Code   RO         2622    .text               c_w.l(libspace.o)
    0x08000aa4   0x00000038   Code   RO          592    i.CmdError          sdio_sdcard.o
    0x08000adc   0x00000060   Code   RO          593    i.CmdResp1Error     sdio_sdcard.o
    0x08000b3c   0x00000068   Code   RO          594    i.CmdResp2Error     sdio_sdcard.o
    0x08000ba4   0x00000040   Code   RO          595    i.CmdResp3Error     sdio_sdcard.o
    0x08000be4   0x000000a0   Code   RO          596    i.CmdResp6Error     sdio_sdcard.o
    0x08000c84   0x0000005c   Code   RO          597    i.CmdResp7Error     sdio_sdcard.o
    0x08000ce0   0x00000028   Code   RO         1023    i.DMA1_Stream3_IRQHandler  i2s.o
    0x08000d08   0x00000028   Code   RO         1024    i.DMA1_Stream4_IRQHandler  i2s.o
    0x08000d30   0x0000015c   Code   RO          598    i.FindSCR           sdio_sdcard.o
    0x08000e8c   0x00000040   Code   RO          184    i.GPIO_AF_Set       sys.o
    0x08000ecc   0x000000de   Code   RO          185    i.GPIO_Set          sys.o
    0x08000faa   0x00000002   PAD
    0x08000fac   0x000000e0   Code   RO         2057    i.Get_HzMat         text.o
    0x0800108c   0x000000ac   Code   RO         1025    i.I2S2_Init         i2s.o
    0x08001138   0x000000b0   Code   RO         1026    i.I2S2_SampleRate_Set  i2s.o
    0x080011e8   0x000000e8   Code   RO         1027    i.I2S2_TX_DMA_Init  i2s.o
    0x080012d0   0x00000080   Code   RO         1028    i.I2S2ext_Init      i2s.o
    0x08001350   0x000000d8   Code   RO         1029    i.I2S2ext_RX_DMA_Init  i2s.o
    0x08001428   0x00000014   Code   RO         1030    i.I2S_Play_Start    i2s.o
    0x0800143c   0x00000014   Code   RO         1031    i.I2S_Play_Stop     i2s.o
    0x08001450   0x00000014   Code   RO         1032    i.I2S_Rec_Start     i2s.o
    0x08001464   0x00000014   Code   RO         1033    i.I2S_Rec_Stop      i2s.o
    0x08001478   0x00000044   Code   RO          959    i.IIC_Init          myiic.o
    0x080014bc   0x00000068   Code   RO          962    i.IIC_Send_Byte     myiic.o
    0x08001524   0x0000004c   Code   RO          963    i.IIC_Start         myiic.o
    0x08001570   0x0000004c   Code   RO          964    i.IIC_Stop          myiic.o
    0x080015bc   0x00000060   Code   RO          965    i.IIC_Wait_Ack      myiic.o
    0x0800161c   0x00000004   Code   RO          186    i.INTX_DISABLE      sys.o
    0x08001620   0x00000004   Code   RO          187    i.INTX_ENABLE       sys.o
    0x08001624   0x0000009c   Code   RO          599    i.IsCardProgramming  sdio_sdcard.o
    0x080016c0   0x00000050   Code   RO          565    i.KEY_Init          key.o
    0x08001710   0x000000a4   Code   RO          566    i.KEY_Scan          key.o
    0x080017b4   0x0000006c   Code   RO          348    i.LCD_Clear         ili93xx.o
    0x08001820   0x000001c0   Code   RO          352    i.LCD_Display_Dir   ili93xx.o
    0x080019e0   0x00000180   Code   RO          357    i.LCD_Fast_DrawPoint  ili93xx.o
    0x08001b60   0x000000b8   Code   RO          358    i.LCD_Fill          ili93xx.o
    0x08001c18   0x00003934   Code   RO          359    i.LCD_Init          ili93xx.o
    0x0800554c   0x00000016   Code   RO          360    i.LCD_Pow           ili93xx.o
    0x08005562   0x00000002   PAD
    0x08005564   0x00000014   Code   RO          361    i.LCD_RD_DATA       ili93xx.o
    0x08005578   0x00000016   Code   RO          363    i.LCD_ReadReg       ili93xx.o
    0x0800558e   0x00000002   PAD
    0x08005590   0x00000060   Code   RO          364    i.LCD_SSD_BackLightSet  ili93xx.o
    0x080055f0   0x000002ec   Code   RO          365    i.LCD_Scan_Dir      ili93xx.o
    0x080058dc   0x000001a8   Code   RO          366    i.LCD_SetCursor     ili93xx.o
    0x08005a84   0x00000128   Code   RO          368    i.LCD_ShowChar      ili93xx.o
    0x08005bac   0x00000094   Code   RO          369    i.LCD_ShowNum       ili93xx.o
    0x08005c40   0x00000066   Code   RO          370    i.LCD_ShowString    ili93xx.o
    0x08005ca6   0x000000be   Code   RO          371    i.LCD_ShowxNum      ili93xx.o
    0x08005d64   0x00000018   Code   RO          372    i.LCD_WR_DATA       ili93xx.o
    0x08005d7c   0x00000018   Code   RO          373    i.LCD_WR_REG        ili93xx.o
    0x08005d94   0x00000014   Code   RO          375    i.LCD_WriteRAM_Prepare  ili93xx.o
    0x08005da8   0x00000014   Code   RO          376    i.LCD_WriteReg      ili93xx.o
    0x08005dbc   0x00000040   Code   RO          327    i.LED_Init          led.o
    0x08005dfc   0x00000078   Code   RO          188    i.MY_NVIC_Init      sys.o
    0x08005e74   0x00000028   Code   RO          189    i.MY_NVIC_PriorityGroupConfig  sys.o
    0x08005e9c   0x00000010   Code   RO          190    i.MY_NVIC_SetVectorTable  sys.o
    0x08005eac   0x000000b8   Code   RO         1240    i.Remote_Init       remote.o
    0x08005f64   0x00000068   Code   RO         1241    i.Remote_Scan       remote.o
    0x08005fcc   0x00000080   Code   RO          600    i.SDEnWideBus       sdio_sdcard.o
    0x0800604c   0x00000014   Code   RO          601    i.SDIO_Clock_Set    sdio_sdcard.o
    0x08006060   0x00000008   Code   RO          602    i.SDIO_IRQHandler   sdio_sdcard.o
    0x08006068   0x0000002c   Code   RO          603    i.SDIO_Send_Cmd     sdio_sdcard.o
    0x08006094   0x00000038   Code   RO          604    i.SDIO_Send_Data_Cfg  sdio_sdcard.o
    0x080060cc   0x00000094   Code   RO          605    i.SD_DMA_Config     sdio_sdcard.o
    0x08006160   0x00000068   Code   RO          606    i.SD_EnableWideBusOperation  sdio_sdcard.o
    0x080061c8   0x00000314   Code   RO          607    i.SD_GetCardInfo    sdio_sdcard.o
    0x080064dc   0x00000178   Code   RO          609    i.SD_Init           sdio_sdcard.o
    0x08006654   0x00000114   Code   RO          610    i.SD_InitializeCards  sdio_sdcard.o
    0x08006768   0x00000180   Code   RO          612    i.SD_PowerON        sdio_sdcard.o
    0x080068e8   0x0000016c   Code   RO          613    i.SD_ProcessIRQSrc  sdio_sdcard.o
    0x08006a54   0x0000024c   Code   RO          614    i.SD_ReadBlock      sdio_sdcard.o
    0x08006ca0   0x000000a0   Code   RO          615    i.SD_ReadDisk       sdio_sdcard.o
    0x08006d40   0x000002c4   Code   RO          616    i.SD_ReadMultiBlocks  sdio_sdcard.o
    0x08007004   0x00000016   Code   RO          617    i.SD_SelectDeselect  sdio_sdcard.o
    0x0800701a   0x00000002   PAD
    0x0800701c   0x00000018   Code   RO          619    i.SD_SetDeviceMode  sdio_sdcard.o
    0x08007034   0x00000344   Code   RO          620    i.SD_WriteBlock     sdio_sdcard.o
    0x08007378   0x000000a0   Code   RO          621    i.SD_WriteDisk      sdio_sdcard.o
    0x08007418   0x0000037c   Code   RO          622    i.SD_WriteMultiBlocks  sdio_sdcard.o
    0x08007794   0x000000b0   Code   RO          812    i.SPI1_Init         spi.o
    0x08007844   0x00000030   Code   RO          813    i.SPI1_ReadWriteByte  spi.o
    0x08007874   0x0000002c   Code   RO          814    i.SPI1_SetSpeed     spi.o
    0x080078a0   0x000000c8   Code   RO         2058    i.Show_Font         text.o
    0x08007968   0x000000c2   Code   RO         2059    i.Show_Str          text.o
    0x08007a2a   0x00000002   PAD
    0x08007a2c   0x00000068   Code   RO          191    i.Stm32_Clock_Init  sys.o
    0x08007a94   0x0000010c   Code   RO          192    i.Sys_Clock_Set     sys.o
    0x08007ba0   0x00000134   Code   RO         1242    i.TIM1_CC_IRQHandler  remote.o
    0x08007cd4   0x00000074   Code   RO         1243    i.TIM1_UP_TIM10_IRQHandler  remote.o
    0x08007d48   0x0000003c   Code   RO         2095    i.TIM4_IRQHandler   usmart.o
    0x08007d84   0x00000050   Code   RO         2096    i.Timer4_Init       usmart.o
    0x08007dd4   0x00000080   Code   RO          278    i.USART1_IRQHandler  usart.o
    0x08007e54   0x00000058   Code   RO          848    i.W25QXX_Erase_Sector  w25qxx.o
    0x08007eac   0x00000080   Code   RO          849    i.W25QXX_Init       w25qxx.o
    0x08007f2c   0x00000050   Code   RO          851    i.W25QXX_Read       w25qxx.o
    0x08007f7c   0x00000048   Code   RO          852    i.W25QXX_ReadID     w25qxx.o
    0x08007fc4   0x0000002c   Code   RO          853    i.W25QXX_ReadSR     w25qxx.o
    0x08007ff0   0x00000012   Code   RO          855    i.W25QXX_Wait_Busy  w25qxx.o
    0x08008002   0x00000002   PAD
    0x08008004   0x000000b8   Code   RO          856    i.W25QXX_Write      w25qxx.o
    0x080080bc   0x00000020   Code   RO          858    i.W25QXX_Write_Enable  w25qxx.o
    0x080080dc   0x00000046   Code   RO          859    i.W25QXX_Write_NoCheck  w25qxx.o
    0x08008122   0x00000002   PAD
    0x08008124   0x00000054   Code   RO          860    i.W25QXX_Write_Page  w25qxx.o
    0x08008178   0x00000012   Code   RO         1110    i.WM8978_3D_Set     wm8978.o
    0x0800818a   0x00000040   Code   RO         1111    i.WM8978_ADDA_Cfg   wm8978.o
    0x080081ca   0x00000036   Code   RO         1112    i.WM8978_AUX_Gain   wm8978.o
    0x08008200   0x00000032   Code   RO         1113    i.WM8978_EQ1_Set    wm8978.o
    0x08008232   0x00000028   Code   RO         1114    i.WM8978_EQ2_Set    wm8978.o
    0x0800825a   0x00000028   Code   RO         1115    i.WM8978_EQ3_Set    wm8978.o
    0x08008282   0x00000028   Code   RO         1116    i.WM8978_EQ4_Set    wm8978.o
    0x080082aa   0x00000028   Code   RO         1117    i.WM8978_EQ5_Set    wm8978.o
    0x080082d2   0x00000022   Code   RO         1118    i.WM8978_EQ_3D_Dir  wm8978.o
    0x080082f4   0x0000002e   Code   RO         1119    i.WM8978_HPvol_Set  wm8978.o
    0x08008322   0x0000001c   Code   RO         1120    i.WM8978_I2S_Cfg    wm8978.o
    0x0800833e   0x00000002   PAD
    0x08008340   0x000000ec   Code   RO         1121    i.WM8978_Init       wm8978.o
    0x0800842c   0x00000066   Code   RO         1122    i.WM8978_Input_Cfg  wm8978.o
    0x08008492   0x00000036   Code   RO         1123    i.WM8978_LINEIN_Gain  wm8978.o
    0x080084c8   0x0000001c   Code   RO         1124    i.WM8978_MIC_Gain   wm8978.o
    0x080084e4   0x0000002a   Code   RO         1125    i.WM8978_Output_Cfg  wm8978.o
    0x0800850e   0x00000002   PAD
    0x08008510   0x00000010   Code   RO         1126    i.WM8978_Read_Reg   wm8978.o
    0x08008520   0x00000022   Code   RO         1127    i.WM8978_SPKvol_Set  wm8978.o
    0x08008542   0x00000002   PAD
    0x08008544   0x00000054   Code   RO         1128    i.WM8978_Write_Reg  wm8978.o
    0x08008598   0x0000000e   Code   RO         2520    i._is_digit         c_w.l(__printf_wp.o)
    0x080085a6   0x00000006   Code   RO          279    i._sys_exit         usart.o
    0x080085ac   0x00000100   Code   RO         2338    i.audio_msg_show    audioplay.o
    0x080086ac   0x0000003c   Code   RO         2340    i.audio_play_song   audioplay.o
    0x080086e8   0x00000014   Code   RO         2341    i.audio_start       audioplay.o
    0x080086fc   0x00000014   Code   RO         2342    i.audio_stop        audioplay.o
    0x08008710   0x0000001a   Code   RO         1777    i.char_upper        exfuns.o
    0x0800872a   0x00000002   PAD
    0x0800872c   0x00000090   Code   RO         1362    i.check_fs          ff.o
    0x080087bc   0x00000014   Code   RO         1363    i.chk_chr           ff.o
    0x080087d0   0x00000032   Code   RO         1364    i.clmt_clust        ff.o
    0x08008802   0x0000001a   Code   RO         1365    i.clust2sect        ff.o
    0x0800881c   0x00000090   Code   RO         1366    i.cmp_lfn           ff.o
    0x080088ac   0x00000012   Code   RO          623    i.convert_from_bytes_to_power_of_two  sdio_sdcard.o
    0x080088be   0x000000d6   Code   RO         1367    i.create_chain      ff.o
    0x08008994   0x00000270   Code   RO         1368    i.create_name       ff.o
    0x08008c04   0x00000040   Code   RO          142    i.delay_init        delay.o
    0x08008c44   0x00000038   Code   RO          143    i.delay_ms          delay.o
    0x08008c7c   0x0000003c   Code   RO          144    i.delay_us          delay.o
    0x08008cb8   0x0000003c   Code   RO          145    i.delay_xms         delay.o
    0x08008cf4   0x0000005c   Code   RO         1369    i.dir_alloc         ff.o
    0x08008d50   0x000000ea   Code   RO         1370    i.dir_find          ff.o
    0x08008e3a   0x00000110   Code   RO         1371    i.dir_next          ff.o
    0x08008f4a   0x0000012a   Code   RO         1373    i.dir_register      ff.o
    0x08009074   0x0000009e   Code   RO         1375    i.dir_sdi           ff.o
    0x08009112   0x00000002   PAD
    0x08009114   0x00000038   Code   RO         1712    i.disk_initialize   diskio.o
    0x0800914c   0x000000b4   Code   RO         1713    i.disk_ioctl        diskio.o
    0x08009200   0x0000007a   Code   RO         1714    i.disk_read         diskio.o
    0x0800927a   0x00000006   Code   RO         1715    i.disk_status       diskio.o
    0x08009280   0x0000007a   Code   RO         1716    i.disk_write        diskio.o
    0x080092fa   0x00000002   PAD
    0x080092fc   0x00000084   Code   RO         1779    i.exfuns_init       exfuns.o
    0x08009380   0x00000024   Code   RO         1377    i.f_close           ff.o
    0x080093a4   0x0000028e   Code   RO         1382    i.f_lseek           ff.o
    0x08009632   0x0000017c   Code   RO         1383    i.f_mkdir           ff.o
    0x080097ae   0x00000002   PAD
    0x080097b0   0x0000005c   Code   RO         1385    i.f_mount           ff.o
    0x0800980c   0x00000180   Code   RO         1386    i.f_open            ff.o
    0x0800998c   0x00000088   Code   RO         1387    i.f_opendir         ff.o
    0x08009a14   0x000001b0   Code   RO         1391    i.f_read            ff.o
    0x08009bc4   0x000000b0   Code   RO         1396    i.f_sync            ff.o
    0x08009c74   0x000000b0   Code   RO         1780    i.f_typetell        exfuns.o
    0x08009d24   0x000001ea   Code   RO         1400    i.f_write           ff.o
    0x08009f0e   0x00000002   PAD
    0x08009f10   0x00000098   Code   RO         1980    i.ff_convert        mycc936.o
    0x08009fa8   0x0000000e   Code   RO         1717    i.ff_memalloc       diskio.o
    0x08009fb6   0x0000000e   Code   RO         1718    i.ff_memfree        diskio.o
    0x08009fc4   0x00000038   Code   RO         1981    i.ff_wtoupper       mycc936.o
    0x08009ffc   0x00000388   Code   RO         1401    i.find_volume       ff.o
    0x0800a384   0x00000080   Code   RO         1402    i.fit_lfn           ff.o
    0x0800a404   0x00000090   Code   RO         1403    i.follow_path       ff.o
    0x0800a494   0x00000044   Code   RO         2007    i.font_init         fontupd.o
    0x0800a4d8   0x0000001c   Code   RO          280    i.fputc             usart.o
    0x0800a4f4   0x000000c8   Code   RO         1404    i.gen_numname       ff.o
    0x0800a5bc   0x000000e8   Code   RO         1405    i.get_fat           ff.o
    0x0800a6a4   0x00000004   Code   RO         1719    i.get_fattime       diskio.o
    0x0800a6a8   0x0000004a   Code   RO         1407    i.get_ldnumber      ff.o
    0x0800a6f2   0x00000020   Code   RO         1408    i.ld_clust          ff.o
    0x0800a712   0x00000002   PAD
    0x0800a714   0x000001b8   Code   RO           12    i.main              test.o
    0x0800a8cc   0x00000026   Code   RO         1409    i.mem_cmp           ff.o
    0x0800a8f2   0x0000001a   Code   RO         1410    i.mem_cpy           ff.o
    0x0800a90c   0x00000014   Code   RO         1411    i.mem_set           ff.o
    0x0800a920   0x00000032   Code   RO         1412    i.move_window       ff.o
    0x0800a952   0x00000002   PAD
    0x0800a954   0x0000006c   Code   RO         1284    i.my_mem_free       malloc.o
    0x0800a9c0   0x00000044   Code   RO         1285    i.my_mem_init       malloc.o
    0x0800aa04   0x000000a8   Code   RO         1286    i.my_mem_malloc     malloc.o
    0x0800aaac   0x00000040   Code   RO         1287    i.my_mem_perused    malloc.o
    0x0800aaec   0x00000024   Code   RO         1288    i.myfree            malloc.o
    0x0800ab10   0x00000028   Code   RO         1289    i.mymalloc          malloc.o
    0x0800ab38   0x00000014   Code   RO         1291    i.mymemset          malloc.o
    0x0800ab4c   0x00000136   Code   RO         1414    i.put_fat           ff.o
    0x0800ac82   0x00000006   Code   RO         2097    i.read_addr         usmart.o
    0x0800ac88   0x0000008c   Code   RO         2403    i.rec_i2s_dma_rx_callback  recorder.o
    0x0800ad14   0x00000032   Code   RO         2404    i.recoder_enter_play_mode  recorder.o
    0x0800ad46   0x00000002   PAD
    0x0800ad48   0x0000009c   Code   RO         2405    i.recoder_enter_rec_mode  recorder.o
    0x0800ade4   0x000000a4   Code   RO         2406    i.recoder_msg_show  recorder.o
    0x0800ae88   0x00000054   Code   RO         2407    i.recoder_new_pathname  recorder.o
    0x0800aedc   0x000000f8   Code   RO         2408    i.recoder_remindmsg_show  recorder.o
    0x0800afd4   0x00000054   Code   RO         2409    i.recoder_wav_init  recorder.o
    0x0800b028   0x0000006c   Code   RO         1416    i.remove_chain      ff.o
    0x0800b094   0x00000010   Code   RO         1417    i.st_clust          ff.o
    0x0800b0a4   0x00000020   Code   RO         1418    i.sum_sfn           ff.o
    0x0800b0c4   0x000000c8   Code   RO         1419    i.sync_fs           ff.o
    0x0800b18c   0x0000004c   Code   RO         1420    i.sync_window       ff.o
    0x0800b1d8   0x00000100   Code   RO          281    i.uart_init         usart.o
    0x0800b2d8   0x000000b0   Code   RO         2098    i.usmart_cmd_rec    usmart.o
    0x0800b388   0x000002d4   Code   RO         2099    i.usmart_exe        usmart.o
    0x0800b65c   0x000000d4   Code   RO         2200    i.usmart_get_aparm  usmart_str.o
    0x0800b730   0x00000036   Code   RO         2201    i.usmart_get_cmdname  usmart_str.o
    0x0800b766   0x00000002   PAD
    0x0800b768   0x000001c0   Code   RO         2202    i.usmart_get_fname  usmart_str.o
    0x0800b928   0x0000010c   Code   RO         2203    i.usmart_get_fparam  usmart_str.o
    0x0800ba34   0x00000020   Code   RO         2204    i.usmart_get_parmpos  usmart_str.o
    0x0800ba54   0x00000040   Code   RO         2100    i.usmart_get_runtime  usmart.o
    0x0800ba94   0x00000028   Code   RO         2101    i.usmart_init       usmart.o
    0x0800babc   0x00000016   Code   RO         2205    i.usmart_pow        usmart_str.o
    0x0800bad2   0x00000002   PAD
    0x0800bad4   0x00000030   Code   RO         2102    i.usmart_reset_runtime  usmart.o
    0x0800bb04   0x000000bc   Code   RO         2103    i.usmart_scan       usmart.o
    0x0800bbc0   0x00000016   Code   RO         2206    i.usmart_search_nextc  usmart_str.o
    0x0800bbd6   0x00000106   Code   RO         2207    i.usmart_str2num    usmart_str.o
    0x0800bcdc   0x00000022   Code   RO         2208    i.usmart_strcmp     usmart_str.o
    0x0800bcfe   0x00000016   Code   RO         2209    i.usmart_strcopy    usmart_str.o
    0x0800bd14   0x00000018   Code   RO         2210    i.usmart_strlen     usmart_str.o
    0x0800bd2c   0x000006f4   Code   RO         2104    i.usmart_sys_cmd_exe  usmart.o
    0x0800c420   0x00000036   Code   RO         1421    i.validate          ff.o
    0x0800c456   0x00000002   PAD
    0x0800c458   0x000000a0   Code   RO         2280    i.wav_buffill       wavplay.o
    0x0800c4f8   0x000001fc   Code   RO         2281    i.wav_decode_init   wavplay.o
    0x0800c6f4   0x0000004a   Code   RO         2282    i.wav_get_curtime   wavplay.o
    0x0800c73e   0x00000002   PAD
    0x0800c740   0x00000070   Code   RO         2283    i.wav_i2s_dma_tx_callback  wavplay.o
    0x0800c7b0   0x0000024c   Code   RO         2284    i.wav_play_song     wavplay.o
    0x0800c9fc   0x00000710   Code   RO         2410    i.wav_recorder      recorder.o
    0x0800d10c   0x00000004   Code   RO         2105    i.write_addr        usmart.o
    0x0800d110   0x0000005a   Code   RO         2550    x$fpl$dfixu         fz_wm.l(dfixu.o)
    0x0800d16a   0x00000026   Code   RO         2554    x$fpl$dfltu         fz_wm.l(dflt_clz.o)
    0x0800d190   0x00000154   Code   RO         2560    x$fpl$dmul          fz_wm.l(dmul.o)
    0x0800d2e4   0x0000009c   Code   RO         2580    x$fpl$dnaninf       fz_wm.l(dnaninf.o)
    0x0800d380   0x0000000c   Code   RO         2582    x$fpl$dretinf       fz_wm.l(dretinf.o)
    0x0800d38c   0x0000000a   Code   RO         2691    x$fpl$fpinit        fz_wm.l(fpinit.o)
    0x0800d396   0x00000000   Code   RO         2584    x$fpl$usenofp       fz_wm.l(usenofp.o)
    0x0800d396   0x000017c0   Data   RO          379    .constdata          ili93xx.o
    0x0800eb56   0x0000006e   Data   RO         1034    .constdata          i2s.o
    0x0800ebc4   0x00000024   Data   RO         1298    .constdata          malloc.o
    0x0800ebe8   0x0000003a   Data   RO         1423    .constdata          ff.o
    0x0800ec22   0x00000002   PAD
    0x0800ec24   0x00000070   Data   RO         1782    .constdata          exfuns.o
    0x0800ec94   0x000003c0   Data   RO         1982    .constdata          mycc936.o
    0x0800f054   0x00000004   Data   RO         2411    .constdata          recorder.o
    0x0800f058   0x00000028   Data   RO         2493    .constdata          c_w.l(_printf_hex_int.o)
    0x0800f080   0x00000011   Data   RO         2528    .constdata          c_w.l(__printf_flags_ss_wp.o)
    0x0800f091   0x00000003   PAD
    0x0800f094   0x00000044   Data   RO         1783    .conststring        exfuns.o
    0x0800f0d8   0x00000028   Data   RO         2106    .conststring        usmart.o
    0x0800f100   0x00000200   Data   RO         2179    .conststring        usmart_config.o
    0x0800f300   0x00000020   Data   RO         2748    Region$$Table       anon$$obj.o


    Execution Region RW_IRAM1 (Base: 0x20000000, Size: 0x0001ee70, Max: 0x00020000, ABSOLUTE, COMPRESSED[0x000000f4])

    Base Addr    Size         Type   Attr      Idx    E Section Name        Object

    0x20000000   0x00000004   Data   RW          146    .data               delay.o
    0x20000004   0x00000006   Data   RW          283    .data               usart.o
    0x2000000a   0x00000004   Data   RW          380    .data               ili93xx.o
    0x2000000e   0x00000001   Data   RW          567    .data               key.o
    0x2000000f   0x00000001   PAD
    0x20000010   0x00000010   Data   RW          625    .data               sdio_sdcard.o
    0x20000020   0x00000002   Data   RW          863    .data               w25qxx.o
    0x20000022   0x00000002   PAD
    0x20000024   0x00000008   Data   RW         1035    .data               i2s.o
    0x2000002c   0x00000074   Data   RW         1129    .data               wm8978.o
    0x200000a0   0x00000009   Data   RW         1244    .data               remote.o
    0x200000a9   0x00000003   PAD
    0x200000ac   0x00000024   Data   RW         1299    .data               malloc.o
    0x200000d0   0x00000002   Data   RW         1424    .data               ff.o
    0x200000d2   0x00000002   Data   RW         1720    .data               diskio.o
    0x200000d4   0x00000014   Data   RW         1784    .data               exfuns.o
    0x200000e8   0x0000001c   Data   RW         2107    .data               usmart.o
    0x20000104   0x0000016c   Data   RW         2180    .data               usmart_config.o
    0x20000270   0x00000002   Data   RW         2286    .data               wavplay.o
    0x20000272   0x00000002   Data   RW         2344    .data               audioplay.o
    0x20000274   0x00000011   Data   RW         2412    .data               recorder.o
    0x20000285   0x00000003   PAD
    0x20000288   0x000000c8   Zero   RW          282    .bss                usart.o
    0x20000350   0x0000000e   Zero   RW          378    .bss                ili93xx.o
    0x2000035e   0x00000002   PAD
    0x20000360   0x00000278   Zero   RW          624    .bss                sdio_sdcard.o
    0x200005d8   0x00001000   Zero   RW          862    .bss                w25qxx.o
    0x200015d8   0x00000008   PAD
    0x200015e0   0x0001d380   Zero   RW         1297    .bss                malloc.o
    0x2001e960   0x0000000c   Zero   RW         1422    .bss                ff.o
    0x2001e96c   0x00000050   Zero   RW         1781    .bss                exfuns.o
    0x2001e9bc   0x00000021   Zero   RW         2011    .bss                fontupd.o
    0x2001e9dd   0x00000020   Zero   RW         2285    .bss                wavplay.o
    0x2001e9fd   0x00000011   Zero   RW         2343    .bss                audioplay.o
    0x2001ea0e   0x00000002   PAD
    0x2001ea10   0x00000060   Zero   RW         2623    .bss                c_w.l(libspace.o)
    0x2001ea70   0x00000000   Zero   RW            2    HEAP                startup_stm32f40_41xxx.o
    0x2001ea70   0x00000400   Zero   RW            1    STACK               startup_stm32f40_41xxx.o



  Load Region LR$$.ARM.__AT_0x10000000 (Base: 0x10000000, Size: 0x00000000, Max: 0x0000f000, ABSOLUTE)

    Execution Region ER$$.ARM.__AT_0x10000000 (Base: 0x10000000, Size: 0x0000f000, Max: 0x0000f000, ABSOLUTE, UNINIT)

    Base Addr    Size         Type   Attr      Idx    E Section Name        Object

    0x10000000   0x0000f000   Zero   RW         1293    .ARM.__AT_0x10000000  malloc.o



  Load Region LR$$.ARM.__AT_0x1000F000 (Base: 0x1000f000, Size: 0x00000000, Max: 0x00000f00, ABSOLUTE)

    Execution Region ER$$.ARM.__AT_0x1000F000 (Base: 0x1000f000, Size: 0x00000f00, Max: 0x00000f00, ABSOLUTE, UNINIT)

    Base Addr    Size         Type   Attr      Idx    E Section Name        Object

    0x1000f000   0x00000f00   Zero   RW         1294    .ARM.__AT_0x1000F000  malloc.o



  Load Region LR$$.ARM.__AT_0x68000000 (Base: 0x68000000, Size: 0x00000000, Max: 0x000f0000, ABSOLUTE)

    Execution Region ER$$.ARM.__AT_0x68000000 (Base: 0x68000000, Size: 0x000f0000, Max: 0x000f0000, ABSOLUTE, UNINIT)

    Base Addr    Size         Type   Attr      Idx    E Section Name        Object

    0x68000000   0x000f0000   Zero   RW         1295    .ARM.__AT_0x68000000  malloc.o



  Load Region LR$$.ARM.__AT_0x680F0000 (Base: 0x680f0000, Size: 0x00000000, Max: 0x0000f000, ABSOLUTE)

    Execution Region ER$$.ARM.__AT_0x680F0000 (Base: 0x680f0000, Size: 0x0000f000, Max: 0x0000f000, ABSOLUTE, UNINIT)

    Base Addr    Size         Type   Attr      Idx    E Section Name        Object

    0x680f0000   0x0000f000   Zero   RW         1296    .ARM.__AT_0x680F0000  malloc.o


==============================================================================

Image component sizes


      Code (inc. data)   RO Data    RW Data    ZI Data      Debug   Object Name

       356         42          0          2         17       3493   audioplay.o
       240         16          0          4          0       2379   delay.o
       518         14          0          2          0       5808   diskio.o
       334         22        180         20         80       2976   exfuns.o
      7700         66         58          2         12      40569   ff.o
        68          4          0          0         33       2013   fontupd.o
      1084         90        110          8          0       6904   i2s.o
     17924        212       6080          4         14      23685   ili93xx.o
       244         28          0          1          0       1170   key.o
        64         16          0          0          0        479   led.o
       504         60         36         36    1229440       6286   malloc.o
       208         16        960          0          0       1907   mycc936.o
       420         72          0          0          0       2737   myiic.o
      2734        450          4         17          0       6771   recorder.o
       712         60          0          9          0       2640   remote.o
      7180        344          0         16        632      33527   sdio_sdcard.o
       268         22          0          0          0       1613   spi.o
        68         24        392          0       1024        864   startup_stm32f40_41xxx.o
       842         44          0          0          0       5779   sys.o
       440        112          0          0          0     234039   test.o
       618         14          0          0          0       3287   text.o
       418         34          0          6        200       4208   usart.o
      3170       1350         40         28          0       7626   usmart.o
         0          0        512        364          0       1484   usmart_config.o
      1400         20          0          0          0       8701   usmart_str.o
       800         78          0          2       4096       6841   w25qxx.o
      1442        244          0          2         32       4769   wavplay.o
      1050         22          0        116          0      12001   wm8978.o

    ----------------------------------------------------------------------
     50850       3476       8406        648    1235592     434556   Object Totals
         0          0         32          0          0          0   (incl. Generated)
        44          0          2          9         12          0   (incl. Padding)

    ----------------------------------------------------------------------

      Code (inc. data)   RO Data    RW Data    ZI Data      Debug   Library Member Name

        90          0          0          0          0          0   __dczerorl2.o
         8          0          0          0          0         68   __main.o
       392          4         17          0          0         92   __printf_flags_ss_wp.o
        14          0          0          0          0         68   __printf_wp.o
         0          0          0          0          0          0   __rtentry.o
        12          0          0          0          0          0   __rtentry2.o
         6          0          0          0          0          0   __rtentry4.o
        52          8          0          0          0          0   __scatter.o
        28          0          0          0          0          0   __scatter_zi.o
         6          0          0          0          0          0   _printf_c.o
        44          0          0          0          0        108   _printf_char.o
        48          6          0          0          0         96   _printf_char_common.o
        36          4          0          0          0         80   _printf_char_file.o
         6          0          0          0          0          0   _printf_d.o
       120         16          0          0          0         92   _printf_dec.o
        88          4         40          0          0         88   _printf_hex_int.o
       178          0          0          0          0         88   _printf_intcommon.o
        78          0          0          0          0        108   _printf_pad.o
         0          0          0          0          0          0   _printf_percent.o
         4          0          0          0          0          0   _printf_percent_end.o
         6          0          0          0          0          0   _printf_s.o
        82          0          0          0          0         80   _printf_str.o
         6          0          0          0          0          0   _printf_u.o
         6          0          0          0          0          0   _printf_x.o
        10          0          0          0          0         68   _sputc.o
        12          0          0          0          0         72   exit.o
         8          0          0          0          0         68   ferror.o
         6          0          0          0          0        152   heapauxi.o
         2          0          0          0          0          0   libinit.o
         6          0          0          0          0          0   libinit2.o
         2          0          0          0          0          0   libshutdown.o
         2          0          0          0          0          0   libshutdown2.o
         8          4          0          0         96         68   libspace.o
        72          0          0          0          0         76   llsdiv.o
       238          0          0          0          0        100   lludivv7m.o
        24          4          0          0          0         84   noretval__2printf.o
        40          6          0          0          0         84   noretval__2sprintf.o
       138          0          0          0          0         68   rt_memcpy_v6.o
       100          0          0          0          0         80   rt_memcpy_w.o
         2          0          0          0          0          0   rtexit.o
        10          0          0          0          0          0   rtexit2.o
       128          0          0          0          0         68   strcmpv7m.o
        72          0          0          0          0         80   strcpy.o
        74          0          0          0          0         80   sys_stackheap_outer.o
         2          0          0          0          0         68   use_no_semi.o
         2          0          0          0          0         68   use_no_semi_2.o
        90          4          0          0          0        140   dfixu.o
        38          0          0          0          0        116   dflt_clz.o
       340         12          0          0          0        152   dmul.o
       156          4          0          0          0        140   dnaninf.o
        12          0          0          0          0        116   dretinf.o
        10          0          0          0          0        116   fpinit.o
         0          0          0          0          0          0   usenofp.o

    ----------------------------------------------------------------------
      2924         76         60          0         96       3032   Library Totals
        10          0          3          0          0          0   (incl. Padding)

    ----------------------------------------------------------------------

      Code (inc. data)   RO Data    RW Data    ZI Data      Debug   Library Name

      2268         56         57          0         96       2252   c_w.l
       646         20          0          0          0        780   fz_wm.l

    ----------------------------------------------------------------------
      2924         76         60          0         96       3032   Library Totals

    ----------------------------------------------------------------------

==============================================================================


      Code (inc. data)   RO Data    RW Data    ZI Data      Debug   

     53774       3552       8466        648    1235688     414392   Grand Totals
     53774       3552       8466        244    1235688     414392   ELF Image Totals (compressed)
     53774       3552       8466        244          0          0   ROM Totals

==============================================================================

    Total RO  Size (Code + RO Data)                62240 (  60.78kB)
    Total RW  Size (RW Data + ZI Data)           1236336 (1207.36kB)
    Total ROM Size (Code + RO Data + RW Data)      62484 (  61.02kB)

==============================================================================

